[07May2026 19:33:04.469] [main/INFO] [net.neoforged.fml.startup.Entrypoint/]: JVM Uptime at startup: 184ms
[07May2026 19:33:04.481] [main/INFO] [net.neoforged.fml.loading.FMLLoader/]: Starting FancyModLoader version 10.0.32 (CLIENT in DEV)
[07May2026 19:33:04.481] [main/INFO] [net.neoforged.fml.loading.FMLLoader/]: Game directory: E:\IMPORTANT\Files\Coding\Projects\Minecraft Mods\Mods\CompactToolsNew\Neo-Forge\1.21.10\run
[07May2026 19:33:04.482] [main/DEBUG] [net.neoforged.fml.loading.FMLPaths/CORE]: Path GAMEDIR is E:\IMPORTANT\Files\Coding\Projects\Minecraft Mods\Mods\CompactToolsNew\Neo-Forge\1.21.10\run
[07May2026 19:33:04.483] [main/DEBUG] [net.neoforged.fml.loading.FMLPaths/CORE]: Path JIJ_CACHEDIR is E:\IMPORTANT\Files\Coding\Projects\Minecraft Mods\Mods\CompactToolsNew\Neo-Forge\1.21.10\run\.cache\jij
[07May2026 19:33:04.483] [main/DEBUG] [net.neoforged.fml.loading.FMLPaths/CORE]: Path MODSDIR is E:\IMPORTANT\Files\Coding\Projects\Minecraft Mods\Mods\CompactToolsNew\Neo-Forge\1.21.10\run\mods
[07May2026 19:33:04.484] [main/DEBUG] [net.neoforged.fml.loading.FMLPaths/CORE]: Path CONFIGDIR is E:\IMPORTANT\Files\Coding\Projects\Minecraft Mods\Mods\CompactToolsNew\Neo-Forge\1.21.10\run\config
[07May2026 19:33:04.484] [main/DEBUG] [net.neoforged.fml.loading.FMLPaths/CORE]: Path FMLCONFIG is E:\IMPORTANT\Files\Coding\Projects\Minecraft Mods\Mods\CompactToolsNew\Neo-Forge\1.21.10\run\config\fml.toml
[07May2026 19:33:04.531] [ForkJoinPool.commonPool-worker-3/DEBUG] [net.neoforged.fml.loading.EarlyServiceDiscovery/]: C:\Users\jakeb\.gradle\caches\modules-2\files-2.1\net.neoforged.fancymodloader\loader\10.0.32\ef0364b1413d96932ddf4b4dc4a5660a4d861b5b\loader-10.0.32.jar contains early service net.neoforged.neoforgespi.locating.IDependencyLocator
[07May2026 19:33:04.533] [ForkJoinPool.commonPool-worker-14/DEBUG] [net.neoforged.fml.loading.EarlyServiceDiscovery/]: C:\Users\jakeb\.gradle\caches\modules-2\files-2.1\net.neoforged.fancymodloader\earlydisplay\10.0.32\1ca2e62504996c417c19e740513f8d09b880359e\earlydisplay-10.0.32.jar contains early service net.neoforged.neoforgespi.earlywindow.ImmediateWindowProvider
[07May2026 19:33:04.542] [ForkJoinPool.commonPool-worker-14/DEBUG] [net.neoforged.fml.loading.moddiscovery.ModFile/LOADING]: Loading mod file C:\Users\jakeb\.gradle\caches\modules-2\files-2.1\net.neoforged.fancymodloader\earlydisplay\10.0.32\1ca2e62504996c417c19e740513f8d09b880359e\earlydisplay-10.0.32.jar with languages []
[07May2026 19:33:04.542] [ForkJoinPool.commonPool-worker-3/DEBUG] [net.neoforged.fml.loading.moddiscovery.ModFile/LOADING]: Loading mod file C:\Users\jakeb\.gradle\caches\modules-2\files-2.1\net.neoforged.fancymodloader\loader\10.0.32\ef0364b1413d96932ddf4b4dc4a5660a4d861b5b\loader-10.0.32.jar with languages []
[07May2026 19:33:04.544] [main/INFO] [net.neoforged.fml.loading.EarlyServiceDiscovery/]: Found 2 early service jars (out of 115) in 25ms
[07May2026 19:33:04.544] [main/INFO] [net.neoforged.fml.loading.FMLLoader/]: Loading FML Early Services:
[07May2026 19:33:04.545] [main/INFO] [net.neoforged.fml.loading.FMLLoader/]:  - C:/Users/jakeb/.gradle/caches/modules-2/files-2.1/net.neoforged.fancymodloader/earlydisplay/10.0.32/1ca2e62504996c417c19e740513f8d09b880359e/earlydisplay-10.0.32.jar
[07May2026 19:33:04.547] [main/INFO] [net.neoforged.fml.loading.FMLLoader/]:  - C:/Users/jakeb/.gradle/caches/modules-2/files-2.1/net.neoforged.fancymodloader/loader/10.0.32/ef0364b1413d96932ddf4b4dc4a5660a4d861b5b/loader-10.0.32.jar
[07May2026 19:33:04.551] [main/DEBUG] [net.neoforged.fml.util.ServiceLoaderUtil/CORE]: Found 0 implementations of GraphicsBootstrapper:
[07May2026 19:33:04.551] [main/INFO] [net.neoforged.fml.loading.ImmediateWindowHandler/]: Loading ImmediateWindowProvider fmlearlywindow
[07May2026 19:33:04.556] [main/DEBUG] [net.neoforged.fml.util.ServiceLoaderUtil/CORE]: Found 1 implementations of ImmediateWindowProvider:
[07May2026 19:33:04.556] [main/DEBUG] [net.neoforged.fml.util.ServiceLoaderUtil/CORE]: 	net.neoforged.fml.earlydisplay.DisplayWindow from C:/Users/jakeb/.gradle/caches/modules-2/files-2.1/net.neoforged.fancymodloader/earlydisplay/10.0.32/1ca2e62504996c417c19e740513f8d09b880359e/earlydisplay-10.0.32.jar
[07May2026 19:33:04.594] [main/DEBUG] [net.neoforged.fml.earlydisplay.theme.ThemeLoader/]: Loading built-in theme default
[07May2026 19:33:05.108] [ForkJoinPool.commonPool-worker-15/DEBUG] [net.neoforged.fml.util.ServiceLoaderUtil/CORE]: Found 4 implementations of IModFileCandidateLocator:
[07May2026 19:33:05.109] [ForkJoinPool.commonPool-worker-15/DEBUG] [net.neoforged.fml.util.ServiceLoaderUtil/CORE]: 	    1000 - [built-in] net.neoforged.fml.loading.moddiscovery.locators.GameLocator from C:/Users/jakeb/.gradle/caches/modules-2/files-2.1/net.neoforged.fancymodloader/loader/10.0.32/ef0364b1413d96932ddf4b4dc4a5660a4d861b5b/loader-10.0.32.jar
[07May2026 19:33:05.109] [ForkJoinPool.commonPool-worker-15/DEBUG] [net.neoforged.fml.util.ServiceLoaderUtil/CORE]: 	    1000 - [built-in] net.neoforged.fml.loading.moddiscovery.locators.InDevFolderLocator from C:/Users/jakeb/.gradle/caches/modules-2/files-2.1/net.neoforged.fancymodloader/loader/10.0.32/ef0364b1413d96932ddf4b4dc4a5660a4d861b5b/loader-10.0.32.jar
[07May2026 19:33:05.110] [ForkJoinPool.commonPool-worker-15/DEBUG] [net.neoforged.fml.util.ServiceLoaderUtil/CORE]: 	    1000 - [built-in] net.neoforged.fml.loading.moddiscovery.locators.InDevJarLocator from C:/Users/jakeb/.gradle/caches/modules-2/files-2.1/net.neoforged.fancymodloader/loader/10.0.32/ef0364b1413d96932ddf4b4dc4a5660a4d861b5b/loader-10.0.32.jar
[07May2026 19:33:05.110] [ForkJoinPool.commonPool-worker-15/DEBUG] [net.neoforged.fml.util.ServiceLoaderUtil/CORE]: 	       0 - [built-in] net.neoforged.fml.loading.moddiscovery.locators.ModsFolderLocator from C:/Users/jakeb/.gradle/caches/modules-2/files-2.1/net.neoforged.fancymodloader/loader/10.0.32/ef0364b1413d96932ddf4b4dc4a5660a4d861b5b/loader-10.0.32.jar
[07May2026 19:33:05.112] [ForkJoinPool.commonPool-worker-15/DEBUG] [net.neoforged.fml.util.ServiceLoaderUtil/CORE]: Found 2 implementations of IModFileReader:
[07May2026 19:33:05.113] [ForkJoinPool.commonPool-worker-15/DEBUG] [net.neoforged.fml.util.ServiceLoaderUtil/CORE]: 	       0 - net.neoforged.fml.loading.moddiscovery.readers.JarModsDotTomlModFileReader from C:/Users/jakeb/.gradle/caches/modules-2/files-2.1/net.neoforged.fancymodloader/loader/10.0.32/ef0364b1413d96932ddf4b4dc4a5660a4d861b5b/loader-10.0.32.jar
[07May2026 19:33:05.113] [ForkJoinPool.commonPool-worker-15/DEBUG] [net.neoforged.fml.util.ServiceLoaderUtil/CORE]: 	   -1000 - net.neoforged.fml.loading.moddiscovery.readers.NestedLibraryModReader from C:/Users/jakeb/.gradle/caches/modules-2/files-2.1/net.neoforged.fancymodloader/loader/10.0.32/ef0364b1413d96932ddf4b4dc4a5660a4d861b5b/loader-10.0.32.jar
[07May2026 19:33:05.117] [ForkJoinPool.commonPool-worker-15/DEBUG] [net.neoforged.fml.util.ServiceLoaderUtil/CORE]: Found 1 implementations of IDependencyLocator:
[07May2026 19:33:05.117] [ForkJoinPool.commonPool-worker-15/DEBUG] [net.neoforged.fml.util.ServiceLoaderUtil/CORE]: 	       0 - net.neoforged.fml.loading.moddiscovery.locators.JarInJarDependencyLocator from C:/Users/jakeb/.gradle/caches/modules-2/files-2.1/net.neoforged.fancymodloader/loader/10.0.32/ef0364b1413d96932ddf4b4dc4a5660a4d861b5b/loader-10.0.32.jar
[07May2026 19:33:05.165] [ForkJoinPool.commonPool-worker-15/DEBUG] [net.neoforged.fml.loading.moddiscovery.locators.RequiredSystemFiles/]: Found NeoForge MANIFEST.MF in jar(E:/IMPORTANT/Files/Coding/Projects/Minecraft Mods/Mods/CompactToolsNew/Neo-Forge/1.21.10/build/moddev/artifacts/neoforge-21.10.64.jar)
[07May2026 19:33:05.168] [ForkJoinPool.commonPool-worker-15/INFO] [net.neoforged.fml.loading.moddiscovery.locators.GameLocator/]: Detected a joined NeoForge and Minecraft configuration. Applying filtering...
[07May2026 19:33:05.375] [ForkJoinPool.commonPool-worker-15/DEBUG] [net.neoforged.fml.loading.moddiscovery.ModFileInfo/LOADING]: Found valid mod file neoforge-21.10.64-client-extra-aka-minecraft-resources.jar with {minecraft} mods - versions {1.21.10}
[07May2026 19:33:05.378] [ForkJoinPool.commonPool-worker-15/DEBUG] [net.neoforged.fml.loading.moddiscovery.ModFile/LOADING]: Loading mod file E:\IMPORTANT\Files\Coding\Projects\Minecraft Mods\Mods\CompactToolsNew\Neo-Forge\1.21.10\build\moddev\artifacts\neoforge-21.10.64-client-extra-aka-minecraft-resources.jar with languages [LanguageSpec[languageName=minecraft, acceptedVersions=1]]
[07May2026 19:33:05.380] [ForkJoinPool.commonPool-worker-15/DEBUG] [net.neoforged.fml.loading.moddiscovery.ModFileParser/LOADING]: Considering mod file candidate E:\IMPORTANT\Files\Coding\Projects\Minecraft Mods\Mods\CompactToolsNew\Neo-Forge\1.21.10\build\moddev\artifacts\neoforge-21.10.64.jar
[07May2026 19:33:05.384] [ForkJoinPool.commonPool-worker-15/DEBUG] [net.neoforged.fml.loading.moddiscovery.ModFileInfo/LOADING]: Found valid mod file neoforge-21.10.64.jar with {neoforge} mods - versions {21.10.64}
[07May2026 19:33:05.384] [ForkJoinPool.commonPool-worker-15/DEBUG] [net.neoforged.fml.loading.moddiscovery.ModFile/LOADING]: Loading mod file E:\IMPORTANT\Files\Coding\Projects\Minecraft Mods\Mods\CompactToolsNew\Neo-Forge\1.21.10\build\moddev\artifacts\neoforge-21.10.64.jar with languages [LanguageSpec[languageName=javafml, acceptedVersions=[3,]]]
[07May2026 19:33:05.390] [ForkJoinPool.commonPool-worker-15/DEBUG] [net.neoforged.fml.loading.moddiscovery.ModFile/LOADING]: Found mixin config MixinConfig[config=neoforge.mixins.json, requiredMods=[], behaviorVersion=null]
[07May2026 19:33:05.391] [ForkJoinPool.commonPool-worker-15/INFO] [net.neoforged.fml.loading.moddiscovery.locators.InDevFolderLocator/CORE]: Got mod coordinates compacttools73%%E:\IMPORTANT\Files\Coding\Projects\Minecraft Mods\Mods\CompactToolsNew\Neo-Forge\1.21.10\build\classes\java\main;compacttools73%%E:\IMPORTANT\Files\Coding\Projects\Minecraft Mods\Mods\CompactToolsNew\Neo-Forge\1.21.10\build\resources\main from env
[07May2026 19:33:05.398] [ForkJoinPool.commonPool-worker-15/DEBUG] [net.neoforged.fml.loading.moddiscovery.ModFileParser/LOADING]: Considering mod file candidate E:\IMPORTANT\Files\Coding\Projects\Minecraft Mods\Mods\CompactToolsNew\Neo-Forge\1.21.10\build\classes\java\main
[07May2026 19:33:05.406] [ForkJoinPool.commonPool-worker-15/DEBUG] [net.neoforged.fml.loading.moddiscovery.ModFileInfo/LOADING]: Found valid mod file main with {compacttools73} mods - versions {2.0.0}
[07May2026 19:33:05.406] [ForkJoinPool.commonPool-worker-15/DEBUG] [net.neoforged.fml.loading.moddiscovery.ModFile/LOADING]: Loading mod file E:\IMPORTANT\Files\Coding\Projects\Minecraft Mods\Mods\CompactToolsNew\Neo-Forge\1.21.10\build\classes\java\main with languages [LanguageSpec[languageName=javafml, acceptedVersions=[4,)]]
[07May2026 19:33:05.407] [ForkJoinPool.commonPool-worker-15/DEBUG] [net.neoforged.fml.loading.moddiscovery.ModFile/LOADING]: Found mixin config MixinConfig[config=compacttools73.mixins.json, requiredMods=[], behaviorVersion=null]
[07May2026 19:33:05.409] [ForkJoinPool.commonPool-worker-15/DEBUG] [net.neoforged.fml.loading.moddiscovery.ModDiscoverer/]: Skipping E:\IMPORTANT\Files\Coding\Projects\Minecraft Mods\Mods\CompactToolsNew\Neo-Forge\1.21.10\build\moddev\artifacts\neoforge-21.10.64.jar because it was already located earlier
[07May2026 19:33:05.519] [fml-loadingscreen/INFO] [net.neoforged.fml.earlydisplay.render.LoadingScreenRenderer/]: GL info: NVIDIA GeForce RTX 2060/PCIe/SSE2 GL version 3.3.0 NVIDIA 591.86, NVIDIA Corporation
[07May2026 19:33:05.557] [ForkJoinPool.commonPool-worker-15/DEBUG] [net.neoforged.fml.loading.moddiscovery.ModFile/LOADING]: Loading mod file E:\IMPORTANT\Files\Coding\Projects\Minecraft Mods\Mods\CompactToolsNew\Neo-Forge\1.21.10\run\.cache\jij\9c617719248f8b89847348fc7ea5e705739c147ae5e172551264d225bc9f2507\mixinextras-neoforge-0.5.0.jar with languages []
[07May2026 19:33:05.559] [ForkJoinPool.commonPool-worker-15/DEBUG] [net.neoforged.fml.loading.moddiscovery.ModFile/LOADING]: Loading mod file E:\IMPORTANT\Files\Coding\Projects\Minecraft Mods\Mods\CompactToolsNew\Neo-Forge\1.21.10\run\.cache\jij\51629231fe2baaddd60d570ef06ada2b2f1fe8a34133e63afdd748b9ef93f9f1\net.neoforged.neoforge-coremods-21.10.64.jar with languages []
[07May2026 19:33:05.627] [ForkJoinPool.commonPool-worker-15/INFO] [net.neoforged.fml.loading.moddiscovery.locators.JarInJarDependencyLocator/]: Found 2 dependencies adding them to mods collection
[07May2026 19:33:05.631] [ForkJoinPool.commonPool-worker-15/INFO] [net.neoforged.fml.loading.moddiscovery.ModDiscoverer/]: 
     Mod List:
		Name Version (Mod Id)

		CompactTools 2.0.0 (compacttools73)
		Minecraft 1.21.10 (minecraft)
		NeoForge 21.10.64 (neoforge)
[07May2026 19:33:05.638] [ForkJoinPool.commonPool-worker-15/DEBUG] [net.neoforged.fml.loading.ModSorter/]: Configured system mods: [minecraft, neoforge]
[07May2026 19:33:05.639] [ForkJoinPool.commonPool-worker-15/DEBUG] [net.neoforged.fml.loading.ModSorter/]: Found system mod: minecraft
[07May2026 19:33:05.639] [ForkJoinPool.commonPool-worker-15/DEBUG] [net.neoforged.fml.loading.ModSorter/]: Found system mod: neoforge
[07May2026 19:33:05.641] [ForkJoinPool.commonPool-worker-15/DEBUG] [net.neoforged.fml.loading.ModSorter/LOADING]: Found 2 mod requirements (2 mandatory, 0 optional)
[07May2026 19:33:05.642] [ForkJoinPool.commonPool-worker-15/DEBUG] [net.neoforged.fml.loading.ModSorter/LOADING]: Found 0 mod requirements missing (0 mandatory, 0 optional)
[07May2026 19:33:05.890] [main/INFO] [mixin/]: SpongePowered MIXIN Subsystem Version=0.8.7 Source=file:/C:/Users/jakeb/.gradle/caches/modules-2/files-2.1/net.fabricmc/sponge-mixin/0.16.5+mixin.0.8.7/80fc3a9f592673cea87f4cd702f87991c6c9fe4d/sponge-mixin-0.16.5+mixin.0.8.7.jar Service=FML Env=CLIENT
[07May2026 19:33:05.933] [main/DEBUG] [mixin/]: Initialising Mixin Platform Manager
[07May2026 19:33:05.933] [main/DEBUG] [mixin/]: Adding mixin platform agents for container ContainerHandleVirtual(fml:18c85)
[07May2026 19:33:05.935] [main/DEBUG] [mixin/]: Instancing new MixinPlatformAgentDefault for ContainerHandleVirtual(fml:18c85)
[07May2026 19:33:05.937] [main/DEBUG] [mixin/]: MixinPlatformAgentDefault accepted container ContainerHandleVirtual(fml:18c85)
[07May2026 19:33:05.937] [main/DEBUG] [mixin/]: Instancing new MixinPlatformAgentDefault for ContainerHandleVirtual(fml:18c85)
[07May2026 19:33:05.937] [main/DEBUG] [mixin/]: MixinPlatformAgentDefault accepted container ContainerHandleVirtual(fml:18c85)
[07May2026 19:33:05.938] [main/DEBUG] [mixin/]: Processing prepare() for PlatformAgent[MixinPlatformAgentDefault:ContainerHandleVirtual(fml:18c85)]
[07May2026 19:33:05.938] [main/DEBUG] [mixin/]: Processing prepare() for PlatformAgent[MixinPlatformAgentDefault:ContainerHandleVirtual(fml:18c85)]
[07May2026 19:33:05.939] [main/INFO] [net.neoforged.fml.loading.FMLLoader/]: Loading FML Plugins:
[07May2026 19:33:05.940] [main/INFO] [net.neoforged.fml.loading.FMLLoader/]:  - E:/IMPORTANT/Files/Coding/Projects/Minecraft Mods/Mods/CompactToolsNew/Neo-Forge/1.21.10/build/moddev/artifacts/neoforge-21.10.64.jar > net.neoforged.neoforge-coremods-21.10.64.jar
[07May2026 19:33:05.946] [main/DEBUG] [net.neoforged.fml.util.ServiceLoaderUtil/CORE]: Found 2 implementations of IModLanguageLoader:
[07May2026 19:33:05.947] [main/DEBUG] [net.neoforged.fml.util.ServiceLoaderUtil/CORE]: 	net.neoforged.fml.javafmlmod.FMLJavaModLanguageProvider from C:/Users/jakeb/.gradle/caches/modules-2/files-2.1/net.neoforged.fancymodloader/loader/10.0.32/ef0364b1413d96932ddf4b4dc4a5660a4d861b5b/loader-10.0.32.jar
[07May2026 19:33:05.947] [main/DEBUG] [net.neoforged.fml.util.ServiceLoaderUtil/CORE]: 	net.neoforged.fml.mclanguageprovider.MinecraftModLanguageProvider from C:/Users/jakeb/.gradle/caches/modules-2/files-2.1/net.neoforged.fancymodloader/loader/10.0.32/ef0364b1413d96932ddf4b4dc4a5660a4d861b5b/loader-10.0.32.jar
[07May2026 19:33:05.948] [main/DEBUG] [net.neoforged.fml.loading.LanguageProviderLoader/CORE]: Found language provider javafml, version 10.0
[07May2026 19:33:05.949] [main/DEBUG] [net.neoforged.fml.loading.LanguageProviderLoader/CORE]: Found language provider minecraft, version 10.0
[07May2026 19:33:05.956] [main/DEBUG] [net.neoforged.fml.loading.FMLLoader/]: Adding Access Transformer META-INF/accesstransformer.cfg in composite(filtered(jar(E:/IMPORTANT/Files/Coding/Projects/Minecraft Mods/Mods/CompactToolsNew/Neo-Forge/1.21.10/build/moddev/artifacts/neoforge-21.10.64.jar)))
[07May2026 19:33:05.994] [main/DEBUG] [net.neoforged.fml.loading.FMLLoader/]: Adding Access Transformer META-INF/accesstransformergenerated.cfg in composite(filtered(jar(E:/IMPORTANT/Files/Coding/Projects/Minecraft Mods/Mods/CompactToolsNew/Neo-Forge/1.21.10/build/moddev/artifacts/neoforge-21.10.64.jar)))
[07May2026 19:33:06.017] [main/DEBUG] [net.neoforged.fml.util.ServiceLoaderUtil/CORE]: Found 5 implementations of ClassProcessor:
[07May2026 19:33:06.019] [main/DEBUG] [net.neoforged.fml.util.ServiceLoaderUtil/CORE]: 	[built-in] net.neoforged.fml.common.asm.AccessTransformerService from C:/Users/jakeb/.gradle/caches/modules-2/files-2.1/net.neoforged.fancymodloader/loader/10.0.32/ef0364b1413d96932ddf4b4dc4a5660a4d861b5b/loader-10.0.32.jar
[07May2026 19:33:06.019] [main/DEBUG] [net.neoforged.fml.util.ServiceLoaderUtil/CORE]: 	[built-in] net.neoforged.fml.common.asm.enumextension.RuntimeEnumExtender from C:/Users/jakeb/.gradle/caches/modules-2/files-2.1/net.neoforged.fancymodloader/loader/10.0.32/ef0364b1413d96932ddf4b4dc4a5660a4d861b5b/loader-10.0.32.jar
[07May2026 19:33:06.019] [main/DEBUG] [net.neoforged.fml.util.ServiceLoaderUtil/CORE]: 	[built-in] net.neoforged.fml.common.asm.SimpleProcessorsGroup from C:/Users/jakeb/.gradle/caches/modules-2/files-2.1/net.neoforged.fancymodloader/loader/10.0.32/ef0364b1413d96932ddf4b4dc4a5660a4d861b5b/loader-10.0.32.jar
[07May2026 19:33:06.019] [main/DEBUG] [net.neoforged.fml.util.ServiceLoaderUtil/CORE]: 	[built-in] net.neoforged.fml.loading.moddiscovery.locators.NeoForgeDevDistCleaner from C:/Users/jakeb/.gradle/caches/modules-2/files-2.1/net.neoforged.fancymodloader/loader/10.0.32/ef0364b1413d96932ddf4b4dc4a5660a4d861b5b/loader-10.0.32.jar
[07May2026 19:33:06.020] [main/DEBUG] [net.neoforged.fml.util.ServiceLoaderUtil/CORE]: 	[built-in] net.neoforged.fml.loading.mixin.FMLMixinClassProcessor from C:/Users/jakeb/.gradle/caches/modules-2/files-2.1/net.neoforged.fancymodloader/loader/10.0.32/ef0364b1413d96932ddf4b4dc4a5660a4d861b5b/loader-10.0.32.jar
[07May2026 19:33:06.023] [main/DEBUG] [net.neoforged.fml.util.ServiceLoaderUtil/CORE]: Found 1 implementations of ClassProcessorProvider:
[07May2026 19:33:06.024] [main/DEBUG] [net.neoforged.fml.util.ServiceLoaderUtil/CORE]: 	net.neoforged.neoforge.coremods.NeoForgeCoreMod from E:/IMPORTANT/Files/Coding/Projects/Minecraft Mods/Mods/CompactToolsNew/Neo-Forge/1.21.10/build/moddev/artifacts/neoforge-21.10.64.jar > net.neoforged.neoforge-coremods-21.10.64.jar
[07May2026 19:33:06.070] [main/DEBUG] [net.neoforged.fml.loading.FMLLoader/]: Masking classpath elements: [E:/IMPORTANT/Files/Coding/Projects/Minecraft Mods/Mods/CompactToolsNew/Neo-Forge/1.21.10/build/resources/main, E:/IMPORTANT/Files/Coding/Projects/Minecraft Mods/Mods/CompactToolsNew/Neo-Forge/1.21.10/build/moddev/artifacts/neoforge-21.10.64-client-extra-aka-minecraft-resources.jar, E:/IMPORTANT/Files/Coding/Projects/Minecraft Mods/Mods/CompactToolsNew/Neo-Forge/1.21.10/build/classes/java/main, E:/IMPORTANT/Files/Coding/Projects/Minecraft Mods/Mods/CompactToolsNew/Neo-Forge/1.21.10/build/moddev/artifacts/neoforge-21.10.64.jar]
[07May2026 19:33:06.084] [main/INFO] [net.neoforged.fml.loading.FMLLoader/]: Building game content classloader:
 - compacttools73 (composite(folder(E:/IMPORTANT/Files/Coding/Projects/Minecraft Mods/Mods/CompactToolsNew/Neo-Forge/1.21.10/build/classes/java/main), folder(E:/IMPORTANT/Files/Coding/Projects/Minecraft Mods/Mods/CompactToolsNew/Neo-Forge/1.21.10/build/resources/main)))
 - minecraft (composite(jar(E:/IMPORTANT/Files/Coding/Projects/Minecraft Mods/Mods/CompactToolsNew/Neo-Forge/1.21.10/build/moddev/artifacts/neoforge-21.10.64-client-extra-aka-minecraft-resources.jar), filtered(jar(E:/IMPORTANT/Files/Coding/Projects/Minecraft Mods/Mods/CompactToolsNew/Neo-Forge/1.21.10/build/moddev/artifacts/neoforge-21.10.64.jar))))
 - mixinextras.neoforge (jar(E:/IMPORTANT/Files/Coding/Projects/Minecraft Mods/Mods/CompactToolsNew/Neo-Forge/1.21.10/build/moddev/artifacts/neoforge-21.10.64.jar > mixinextras-neoforge-0.5.0.jar))
 - neoforge (composite(filtered(jar(E:/IMPORTANT/Files/Coding/Projects/Minecraft Mods/Mods/CompactToolsNew/Neo-Forge/1.21.10/build/moddev/artifacts/neoforge-21.10.64.jar))))
 - net.neoforged.fml.generated (empty(VirtualJar/net.neoforged.fml.generated))
[07May2026 19:33:06.104] [main/INFO] [net.neoforged.fml.loading.FMLLoader/]: Built game content classloader in 34ms
[07May2026 19:33:06.151] [main/DEBUG] [mixin/]: Processing launch tasks for PlatformAgent[MixinPlatformAgentDefault:ContainerHandleVirtual(fml:18c85)]
[07May2026 19:33:06.153] [main/DEBUG] [mixin/]: Processing launch tasks for PlatformAgent[MixinPlatformAgentDefault:ContainerHandleVirtual(fml:18c85)]
[07May2026 19:33:06.153] [main/DEBUG] [mixin/]: Adding agents for Mixin Container composite(filtered(jar(E:/IMPORTANT/Files/Coding/Projects/Minecraft Mods/Mods/CompactToolsNew/Neo-Forge/1.21.10/build/moddev/artifacts/neoforge-21.10.64.jar))) > jar(E:/IMPORTANT/Files/Coding/Projects/Minecraft Mods/Mods/CompactToolsNew/Neo-Forge/1.21.10/build/moddev/artifacts/neoforge-21.10.64.jar > net.neoforged.neoforge-coremods-21.10.64.jar)
[07May2026 19:33:06.153] [main/DEBUG] [mixin/]: Adding mixin platform agents for container composite(filtered(jar(E:/IMPORTANT/Files/Coding/Projects/Minecraft Mods/Mods/CompactToolsNew/Neo-Forge/1.21.10/build/moddev/artifacts/neoforge-21.10.64.jar))) > jar(E:/IMPORTANT/Files/Coding/Projects/Minecraft Mods/Mods/CompactToolsNew/Neo-Forge/1.21.10/build/moddev/artifacts/neoforge-21.10.64.jar > net.neoforged.neoforge-coremods-21.10.64.jar)
[07May2026 19:33:06.153] [main/DEBUG] [mixin/]: Instancing new MixinPlatformAgentDefault for composite(filtered(jar(E:/IMPORTANT/Files/Coding/Projects/Minecraft Mods/Mods/CompactToolsNew/Neo-Forge/1.21.10/build/moddev/artifacts/neoforge-21.10.64.jar))) > jar(E:/IMPORTANT/Files/Coding/Projects/Minecraft Mods/Mods/CompactToolsNew/Neo-Forge/1.21.10/build/moddev/artifacts/neoforge-21.10.64.jar > net.neoforged.neoforge-coremods-21.10.64.jar)
[07May2026 19:33:06.154] [main/DEBUG] [mixin/]: MixinPlatformAgentDefault accepted container composite(filtered(jar(E:/IMPORTANT/Files/Coding/Projects/Minecraft Mods/Mods/CompactToolsNew/Neo-Forge/1.21.10/build/moddev/artifacts/neoforge-21.10.64.jar))) > jar(E:/IMPORTANT/Files/Coding/Projects/Minecraft Mods/Mods/CompactToolsNew/Neo-Forge/1.21.10/build/moddev/artifacts/neoforge-21.10.64.jar > net.neoforged.neoforge-coremods-21.10.64.jar)
[07May2026 19:33:06.154] [main/DEBUG] [mixin/]: Instancing new MixinPlatformAgentDefault for composite(filtered(jar(E:/IMPORTANT/Files/Coding/Projects/Minecraft Mods/Mods/CompactToolsNew/Neo-Forge/1.21.10/build/moddev/artifacts/neoforge-21.10.64.jar))) > jar(E:/IMPORTANT/Files/Coding/Projects/Minecraft Mods/Mods/CompactToolsNew/Neo-Forge/1.21.10/build/moddev/artifacts/neoforge-21.10.64.jar > net.neoforged.neoforge-coremods-21.10.64.jar)
[07May2026 19:33:06.154] [main/DEBUG] [mixin/]: MixinPlatformAgentDefault accepted container composite(filtered(jar(E:/IMPORTANT/Files/Coding/Projects/Minecraft Mods/Mods/CompactToolsNew/Neo-Forge/1.21.10/build/moddev/artifacts/neoforge-21.10.64.jar))) > jar(E:/IMPORTANT/Files/Coding/Projects/Minecraft Mods/Mods/CompactToolsNew/Neo-Forge/1.21.10/build/moddev/artifacts/neoforge-21.10.64.jar > net.neoforged.neoforge-coremods-21.10.64.jar)
[07May2026 19:33:06.154] [main/DEBUG] [mixin/]: Processing prepare() for PlatformAgent[MixinPlatformAgentDefault:composite(filtered(jar(E:/IMPORTANT/Files/Coding/Projects/Minecraft Mods/Mods/CompactToolsNew/Neo-Forge/1.21.10/build/moddev/artifacts/neoforge-21.10.64.jar))) > jar(E:/IMPORTANT/Files/Coding/Projects/Minecraft Mods/Mods/CompactToolsNew/Neo-Forge/1.21.10/build/moddev/artifacts/neoforge-21.10.64.jar > net.neoforged.neoforge-coremods-21.10.64.jar)]
[07May2026 19:33:06.154] [main/DEBUG] [mixin/]: Processing prepare() for PlatformAgent[MixinPlatformAgentDefault:composite(filtered(jar(E:/IMPORTANT/Files/Coding/Projects/Minecraft Mods/Mods/CompactToolsNew/Neo-Forge/1.21.10/build/moddev/artifacts/neoforge-21.10.64.jar))) > jar(E:/IMPORTANT/Files/Coding/Projects/Minecraft Mods/Mods/CompactToolsNew/Neo-Forge/1.21.10/build/moddev/artifacts/neoforge-21.10.64.jar > net.neoforged.neoforge-coremods-21.10.64.jar)]
[07May2026 19:33:06.155] [main/DEBUG] [mixin/]: Adding agents for Mixin Container composite(filtered(jar(E:/IMPORTANT/Files/Coding/Projects/Minecraft Mods/Mods/CompactToolsNew/Neo-Forge/1.21.10/build/moddev/artifacts/neoforge-21.10.64.jar))) > jar(E:/IMPORTANT/Files/Coding/Projects/Minecraft Mods/Mods/CompactToolsNew/Neo-Forge/1.21.10/build/moddev/artifacts/neoforge-21.10.64.jar > mixinextras-neoforge-0.5.0.jar)
[07May2026 19:33:06.155] [main/DEBUG] [mixin/]: Adding mixin platform agents for container composite(filtered(jar(E:/IMPORTANT/Files/Coding/Projects/Minecraft Mods/Mods/CompactToolsNew/Neo-Forge/1.21.10/build/moddev/artifacts/neoforge-21.10.64.jar))) > jar(E:/IMPORTANT/Files/Coding/Projects/Minecraft Mods/Mods/CompactToolsNew/Neo-Forge/1.21.10/build/moddev/artifacts/neoforge-21.10.64.jar > mixinextras-neoforge-0.5.0.jar)
[07May2026 19:33:06.155] [main/DEBUG] [mixin/]: Instancing new MixinPlatformAgentDefault for composite(filtered(jar(E:/IMPORTANT/Files/Coding/Projects/Minecraft Mods/Mods/CompactToolsNew/Neo-Forge/1.21.10/build/moddev/artifacts/neoforge-21.10.64.jar))) > jar(E:/IMPORTANT/Files/Coding/Projects/Minecraft Mods/Mods/CompactToolsNew/Neo-Forge/1.21.10/build/moddev/artifacts/neoforge-21.10.64.jar > mixinextras-neoforge-0.5.0.jar)
[07May2026 19:33:06.155] [main/DEBUG] [mixin/]: MixinPlatformAgentDefault accepted container composite(filtered(jar(E:/IMPORTANT/Files/Coding/Projects/Minecraft Mods/Mods/CompactToolsNew/Neo-Forge/1.21.10/build/moddev/artifacts/neoforge-21.10.64.jar))) > jar(E:/IMPORTANT/Files/Coding/Projects/Minecraft Mods/Mods/CompactToolsNew/Neo-Forge/1.21.10/build/moddev/artifacts/neoforge-21.10.64.jar > mixinextras-neoforge-0.5.0.jar)
[07May2026 19:33:06.155] [main/DEBUG] [mixin/]: Instancing new MixinPlatformAgentDefault for composite(filtered(jar(E:/IMPORTANT/Files/Coding/Projects/Minecraft Mods/Mods/CompactToolsNew/Neo-Forge/1.21.10/build/moddev/artifacts/neoforge-21.10.64.jar))) > jar(E:/IMPORTANT/Files/Coding/Projects/Minecraft Mods/Mods/CompactToolsNew/Neo-Forge/1.21.10/build/moddev/artifacts/neoforge-21.10.64.jar > mixinextras-neoforge-0.5.0.jar)
[07May2026 19:33:06.156] [main/DEBUG] [mixin/]: MixinPlatformAgentDefault accepted container composite(filtered(jar(E:/IMPORTANT/Files/Coding/Projects/Minecraft Mods/Mods/CompactToolsNew/Neo-Forge/1.21.10/build/moddev/artifacts/neoforge-21.10.64.jar))) > jar(E:/IMPORTANT/Files/Coding/Projects/Minecraft Mods/Mods/CompactToolsNew/Neo-Forge/1.21.10/build/moddev/artifacts/neoforge-21.10.64.jar > mixinextras-neoforge-0.5.0.jar)
[07May2026 19:33:06.156] [main/DEBUG] [mixin/]: Processing prepare() for PlatformAgent[MixinPlatformAgentDefault:composite(filtered(jar(E:/IMPORTANT/Files/Coding/Projects/Minecraft Mods/Mods/CompactToolsNew/Neo-Forge/1.21.10/build/moddev/artifacts/neoforge-21.10.64.jar))) > jar(E:/IMPORTANT/Files/Coding/Projects/Minecraft Mods/Mods/CompactToolsNew/Neo-Forge/1.21.10/build/moddev/artifacts/neoforge-21.10.64.jar > mixinextras-neoforge-0.5.0.jar)]
[07May2026 19:33:06.156] [main/DEBUG] [mixin/]: Registering mixin config: mixinextras.init.mixins.json source=composite(filtered(jar(E:/IMPORTANT/Files/Coding/Projects/Minecraft Mods/Mods/CompactToolsNew/Neo-Forge/1.21.10/build/moddev/artifacts/neoforge-21.10.64.jar))) > jar(E:/IMPORTANT/Files/Coding/Projects/Minecraft Mods/Mods/CompactToolsNew/Neo-Forge/1.21.10/build/moddev/artifacts/neoforge-21.10.64.jar > mixinextras-neoforge-0.5.0.jar)
[07May2026 19:33:06.158] [main/DEBUG] [mixin/]: Processing prepare() for PlatformAgent[MixinPlatformAgentDefault:composite(filtered(jar(E:/IMPORTANT/Files/Coding/Projects/Minecraft Mods/Mods/CompactToolsNew/Neo-Forge/1.21.10/build/moddev/artifacts/neoforge-21.10.64.jar))) > jar(E:/IMPORTANT/Files/Coding/Projects/Minecraft Mods/Mods/CompactToolsNew/Neo-Forge/1.21.10/build/moddev/artifacts/neoforge-21.10.64.jar > mixinextras-neoforge-0.5.0.jar)]
[07May2026 19:33:06.159] [main/DEBUG] [mixin/]: Registering mixin config: mixinextras.init.mixins.json source=composite(filtered(jar(E:/IMPORTANT/Files/Coding/Projects/Minecraft Mods/Mods/CompactToolsNew/Neo-Forge/1.21.10/build/moddev/artifacts/neoforge-21.10.64.jar))) > jar(E:/IMPORTANT/Files/Coding/Projects/Minecraft Mods/Mods/CompactToolsNew/Neo-Forge/1.21.10/build/moddev/artifacts/neoforge-21.10.64.jar > mixinextras-neoforge-0.5.0.jar)
[07May2026 19:33:06.159] [main/DEBUG] [mixin/]: inject() running with 3 agents
[07May2026 19:33:06.159] [main/DEBUG] [mixin/]: Processing inject() for PlatformAgent[MixinPlatformAgentDefault:ContainerHandleVirtual(fml:18c85)]
[07May2026 19:33:06.159] [main/DEBUG] [mixin/]: Processing inject() for PlatformAgent[MixinPlatformAgentDefault:ContainerHandleVirtual(fml:18c85)]
[07May2026 19:33:06.160] [main/DEBUG] [mixin/]: Processing inject() for PlatformAgent[MixinPlatformAgentDefault:composite(filtered(jar(E:/IMPORTANT/Files/Coding/Projects/Minecraft Mods/Mods/CompactToolsNew/Neo-Forge/1.21.10/build/moddev/artifacts/neoforge-21.10.64.jar))) > jar(E:/IMPORTANT/Files/Coding/Projects/Minecraft Mods/Mods/CompactToolsNew/Neo-Forge/1.21.10/build/moddev/artifacts/neoforge-21.10.64.jar > net.neoforged.neoforge-coremods-21.10.64.jar)]
[07May2026 19:33:06.160] [main/DEBUG] [mixin/]: Processing inject() for PlatformAgent[MixinPlatformAgentDefault:composite(filtered(jar(E:/IMPORTANT/Files/Coding/Projects/Minecraft Mods/Mods/CompactToolsNew/Neo-Forge/1.21.10/build/moddev/artifacts/neoforge-21.10.64.jar))) > jar(E:/IMPORTANT/Files/Coding/Projects/Minecraft Mods/Mods/CompactToolsNew/Neo-Forge/1.21.10/build/moddev/artifacts/neoforge-21.10.64.jar > net.neoforged.neoforge-coremods-21.10.64.jar)]
[07May2026 19:33:06.165] [main/DEBUG] [mixin/]: Processing inject() for PlatformAgent[MixinPlatformAgentDefault:composite(filtered(jar(E:/IMPORTANT/Files/Coding/Projects/Minecraft Mods/Mods/CompactToolsNew/Neo-Forge/1.21.10/build/moddev/artifacts/neoforge-21.10.64.jar))) > jar(E:/IMPORTANT/Files/Coding/Projects/Minecraft Mods/Mods/CompactToolsNew/Neo-Forge/1.21.10/build/moddev/artifacts/neoforge-21.10.64.jar > mixinextras-neoforge-0.5.0.jar)]
[07May2026 19:33:06.167] [main/DEBUG] [mixin/]: Processing inject() for PlatformAgent[MixinPlatformAgentDefault:composite(filtered(jar(E:/IMPORTANT/Files/Coding/Projects/Minecraft Mods/Mods/CompactToolsNew/Neo-Forge/1.21.10/build/moddev/artifacts/neoforge-21.10.64.jar))) > jar(E:/IMPORTANT/Files/Coding/Projects/Minecraft Mods/Mods/CompactToolsNew/Neo-Forge/1.21.10/build/moddev/artifacts/neoforge-21.10.64.jar > mixinextras-neoforge-0.5.0.jar)]
[07May2026 19:33:06.172] [main/DEBUG] [mixin/]: Preparing mixins for MixinEnvironment[DEFAULT]
[07May2026 19:33:06.173] [main/DEBUG] [mixin/]: Selecting config compacttools73.mixins.json
[07May2026 19:33:06.176] [main/DEBUG] [mixin/]: Selecting config neoforge.mixins.json
[07May2026 19:33:06.176] [main/DEBUG] [mixin/]: Selecting config mixinextras.init.mixins.json
[07May2026 19:33:06.226] [main/DEBUG] [MixinExtras|Service/]: com.llamalad7.mixinextras.service.MixinExtrasServiceImpl(version=0.5.0) is taking over from null
[07May2026 19:33:06.255] [main/DEBUG] [mixin/]: Registering new injector for @Inject with org.spongepowered.asm.mixin.injection.struct.CallbackInjectionInfo
[07May2026 19:33:06.256] [main/DEBUG] [mixin/]: Registering new injector for @ModifyArg with org.spongepowered.asm.mixin.injection.struct.ModifyArgInjectionInfo
[07May2026 19:33:06.257] [main/DEBUG] [mixin/]: Registering new injector for @ModifyArgs with org.spongepowered.asm.mixin.injection.struct.ModifyArgsInjectionInfo
[07May2026 19:33:06.258] [main/DEBUG] [mixin/]: Registering new injector for @Redirect with org.spongepowered.asm.mixin.injection.struct.RedirectInjectionInfo
[07May2026 19:33:06.259] [main/DEBUG] [mixin/]: Registering new injector for @ModifyVariable with org.spongepowered.asm.mixin.injection.struct.ModifyVariableInjectionInfo
[07May2026 19:33:06.260] [main/DEBUG] [mixin/]: Registering new injector for @ModifyConstant with org.spongepowered.asm.mixin.injection.struct.ModifyConstantInjectionInfo
[07May2026 19:33:06.269] [main/DEBUG] [mixin/]: Preparing compacttools73.mixins.json (0)
[07May2026 19:33:06.269] [main/DEBUG] [mixin/]: Preparing neoforge.mixins.json (2)
[07May2026 19:33:06.332] [main/DEBUG] [mixin/]: Preparing mixinextras.init.mixins.json (0)
[07May2026 19:33:06.506] [main/DEBUG] [io.netty.util.internal.logging.InternalLoggerFactory/]: Using SLF4J as the default logging framework
[07May2026 19:33:06.508] [main/DEBUG] [io.netty.util.ResourceLeakDetector/]: -Dio.netty.leakDetection.level: simple
[07May2026 19:33:06.508] [main/DEBUG] [io.netty.util.ResourceLeakDetector/]: -Dio.netty.leakDetection.targetRecords: 4
[07May2026 19:33:07.419] [Datafixer Bootstrap/INFO] [com.mojang.datafixers.DataFixerBuilder/]: 281 Datafixer optimizations took 455 milliseconds
[07May2026 19:33:07.560] [pool-8-thread-1/INFO] [MixinExtras|Service/]: Initializing MixinExtras via com.llamalad7.mixinextras.service.MixinExtrasServiceImpl(version=0.5.0).
[07May2026 19:33:07.561] [pool-8-thread-1/DEBUG] [mixin/]: Registering new injector for @SugarWrapper with com.llamalad7.mixinextras.sugar.impl.SugarWrapperInjectionInfo
[07May2026 19:33:07.562] [pool-8-thread-1/DEBUG] [mixin/]: Registering new injector for @FactoryRedirectWrapper with com.llamalad7.mixinextras.wrapper.factory.FactoryRedirectWrapperInjectionInfo
[07May2026 19:33:07.562] [pool-8-thread-1/DEBUG] [mixin/]: Registering new injector for @ExpressionInjectorWrapper with com.llamalad7.mixinextras.expression.impl.wrapper.ExpressionInjectorWrapperInjectionInfo
[07May2026 19:33:07.571] [pool-8-thread-1/DEBUG] [mixin/]: Mixing MappedRegistryAccessor from neoforge.mixins.json into net.minecraft.core.MappedRegistry
[07May2026 19:33:08.279] [pool-8-thread-1/DEBUG] [mixin/]: Mixing BlockEntityTypeAccessor from neoforge.mixins.json into net.minecraft.world.level.block.entity.BlockEntityType
[07May2026 19:33:09.467] [pool-8-thread-1/DEBUG] [io.netty.util.internal.PlatformDependent0/]: -Dio.netty.noUnsafe: false
[07May2026 19:33:09.468] [pool-8-thread-1/DEBUG] [io.netty.util.internal.PlatformDependent0/]: Java version: 21
[07May2026 19:33:09.468] [pool-8-thread-1/DEBUG] [io.netty.util.internal.PlatformDependent0/]: sun.misc.Unsafe.theUnsafe: available
[07May2026 19:33:09.469] [pool-8-thread-1/DEBUG] [io.netty.util.internal.PlatformDependent0/]: sun.misc.Unsafe base methods: all available
[07May2026 19:33:09.469] [pool-8-thread-1/DEBUG] [io.netty.util.internal.PlatformDependent0/]: sun.misc.Unsafe.storeFence: available
[07May2026 19:33:09.469] [pool-8-thread-1/DEBUG] [io.netty.util.internal.PlatformDependent0/]: java.nio.Buffer.address: available
[07May2026 19:33:09.469] [pool-8-thread-1/DEBUG] [io.netty.util.internal.PlatformDependent0/]: direct buffer constructor: unavailable: Reflective setAccessible(true) disabled
[07May2026 19:33:09.470] [pool-8-thread-1/DEBUG] [io.netty.util.internal.PlatformDependent0/]: java.nio.Bits.unaligned: available, true
[07May2026 19:33:09.471] [pool-8-thread-1/DEBUG] [io.netty.util.internal.PlatformDependent0/]: jdk.internal.misc.Unsafe.allocateUninitializedArray(int): unavailable: class io.netty.util.internal.PlatformDependent0$7 cannot access class jdk.internal.misc.Unsafe (in module java.base) because module java.base does not export jdk.internal.misc to unnamed module @5db45159
[07May2026 19:33:09.471] [pool-8-thread-1/DEBUG] [io.netty.util.internal.PlatformDependent0/]: java.nio.DirectByteBuffer.<init>(long, {int,long}): unavailable
[07May2026 19:33:09.471] [pool-8-thread-1/DEBUG] [io.netty.util.internal.PlatformDependent/]: sun.misc.Unsafe: available
[07May2026 19:33:09.472] [pool-8-thread-1/DEBUG] [io.netty.util.internal.PlatformDependent/]: -Dio.netty.tmpdir: C:\Users\jakeb\AppData\Local\Temp (java.io.tmpdir)
[07May2026 19:33:09.472] [pool-8-thread-1/DEBUG] [io.netty.util.internal.PlatformDependent/]: -Dio.netty.bitMode: 64 (sun.arch.data.model)
[07May2026 19:33:09.472] [pool-8-thread-1/DEBUG] [io.netty.util.internal.PlatformDependent/]: Platform: Windows
[07May2026 19:33:09.472] [pool-8-thread-1/DEBUG] [io.netty.util.internal.PlatformDependent/]: -Dio.netty.maxDirectMemory: -1 bytes
[07May2026 19:33:09.472] [pool-8-thread-1/DEBUG] [io.netty.util.internal.PlatformDependent/]: -Dio.netty.uninitializedArrayAllocationThreshold: -1
[07May2026 19:33:09.473] [pool-8-thread-1/DEBUG] [io.netty.util.internal.CleanerJava9/]: java.nio.ByteBuffer.cleaner(): available
[07May2026 19:33:09.473] [pool-8-thread-1/DEBUG] [io.netty.util.internal.PlatformDependent/]: -Dio.netty.noPreferDirect: false
[07May2026 19:33:11.818] [main/WARN] [net.minecraft.commands.Commands/]: Ambiguity between arguments [teleport, location] and [teleport, destination] with inputs: [0.1 -0.5 .9, 0 0 0]
[07May2026 19:33:11.819] [main/WARN] [net.minecraft.commands.Commands/]: Ambiguity between arguments [teleport, location] and [teleport, targets] with inputs: [0.1 -0.5 .9, 0 0 0]
[07May2026 19:33:11.822] [main/WARN] [net.minecraft.commands.Commands/]: Ambiguity between arguments [teleport, destination] and [teleport, targets] with inputs: [Player, 0123, @e, dd12be42-52a9-4a91-a8a1-11c01849e498]
[07May2026 19:33:11.822] [main/WARN] [net.minecraft.commands.Commands/]: Ambiguity between arguments [teleport, targets] and [teleport, destination] with inputs: [Player, 0123, dd12be42-52a9-4a91-a8a1-11c01849e498]
[07May2026 19:33:11.823] [main/WARN] [net.minecraft.commands.Commands/]: Ambiguity between arguments [teleport, targets, location] and [teleport, targets, destination] with inputs: [0.1 -0.5 .9, 0 0 0]
[07May2026 19:33:11.825] [main/WARN] [net.minecraft.commands.Commands/]: Ambiguity between arguments [waypoint, modify, waypoint, color, reset] and [waypoint, modify, waypoint, color, color] with inputs: [reset]
[07May2026 19:33:11.861] [main/DEBUG] [net.neoforged.fml.ModWorkManager/LOADING]: Using 16 threads for parallel mod-loading
[07May2026 19:33:11.871] [main/DEBUG] [net.neoforged.fml.javafmlmod.FMLModContainer/LOADING]: Creating FMLModContainer instance for compacttools73 with entrypoints [xyz.quazaros.compacttools.CompactTools]
[07May2026 19:33:11.874] [main/DEBUG] [net.neoforged.fml.javafmlmod.FMLModContainer/LOADING]: Creating FMLModContainer instance for neoforge with entrypoints [net.neoforged.neoforge.common.NeoForgeMod, net.neoforged.neoforge.common.OnlyInWarningsHandler, net.neoforged.neoforge.client.ClientNeoForgeMod]
[07May2026 19:33:11.889] [modloading-worker-0/DEBUG] [net.neoforged.fml.javafmlmod.AutomaticEventSubscriber/LOADING]: Attempting to inject @EventBusSubscriber classes into the eventbus for compacttools73
[07May2026 19:33:11.892] [modloading-worker-0/INFO] [net.neoforged.neoforge.common.NeoForgeMod/NEOFORGE-MOD]: NeoForge mod loading, version 21.10.64, for MC 1.21.10
[07May2026 19:33:11.905] [modloading-worker-0/DEBUG] [net.neoforged.fml.config.ConfigTracker/CONFIG]: Config file neoforge-server.toml for neoforge tracking
[07May2026 19:33:11.907] [modloading-worker-0/DEBUG] [net.neoforged.fml.config.ConfigTracker/CONFIG]: Config file neoforge-common.toml for neoforge tracking
[07May2026 19:33:11.960] [modloading-worker-0/DEBUG] [net.neoforged.fml.config.ConfigTracker/CONFIG]: Config file neoforge-client.toml for neoforge tracking
[07May2026 19:33:11.975] [modloading-worker-0/DEBUG] [net.neoforged.fml.javafmlmod.AutomaticEventSubscriber/LOADING]: Attempting to inject @EventBusSubscriber classes into the eventbus for neoforge
[07May2026 19:33:11.975] [modloading-worker-0/DEBUG] [net.neoforged.fml.javafmlmod.AutomaticEventSubscriber/LOADING]: Scanning class net.neoforged.neoforge.attachment.AttachmentInternals for @SubscribeEvent-annotated methods
[07May2026 19:33:11.976] [modloading-worker-0/DEBUG] [net.neoforged.fml.javafmlmod.AutomaticEventSubscriber/LOADING]: Subscribing method public static void net.neoforged.neoforge.attachment.AttachmentInternals.onPlayerClone(net.neoforged.neoforge.event.entity.player.PlayerEvent$Clone) to the game event bus
[07May2026 19:33:11.977] [modloading-worker-0/DEBUG] [net.neoforged.fml.javafmlmod.AutomaticEventSubscriber/LOADING]: Subscribing method public static void net.neoforged.neoforge.attachment.AttachmentInternals.onLivingConvert(net.neoforged.neoforge.event.entity.living.LivingConversionEvent$Post) to the game event bus
[07May2026 19:33:11.978] [modloading-worker-0/DEBUG] [net.neoforged.fml.javafmlmod.AutomaticEventSubscriber/LOADING]: Scanning class net.neoforged.neoforge.attachment.AttachmentSync for @SubscribeEvent-annotated methods
[07May2026 19:33:11.979] [modloading-worker-0/DEBUG] [net.neoforged.fml.javafmlmod.AutomaticEventSubscriber/LOADING]: Subscribing method public static void net.neoforged.neoforge.attachment.AttachmentSync.onChunkSent(net.neoforged.neoforge.event.level.ChunkWatchEvent$Sent) to the game event bus
[07May2026 19:33:11.980] [modloading-worker-0/DEBUG] [net.neoforged.fml.javafmlmod.AutomaticEventSubscriber/LOADING]: Scanning class net.neoforged.neoforge.client.BlockEntityRenderBoundsDebugRenderer for @SubscribeEvent-annotated methods
[07May2026 19:33:11.982] [modloading-worker-0/DEBUG] [net.neoforged.fml.javafmlmod.AutomaticEventSubscriber/LOADING]: Subscribing method public static void net.neoforged.neoforge.client.BlockEntityRenderBoundsDebugRenderer.onRegisterClientCommands(net.neoforged.neoforge.client.event.RegisterClientCommandsEvent) to the game event bus
[07May2026 19:33:11.982] [modloading-worker-0/DEBUG] [net.neoforged.fml.javafmlmod.AutomaticEventSubscriber/LOADING]: Subscribing method public static void net.neoforged.neoforge.client.BlockEntityRenderBoundsDebugRenderer.onExtractLevelRenderState(net.neoforged.neoforge.client.event.ExtractLevelRenderStateEvent) to the game event bus
[07May2026 19:33:11.982] [modloading-worker-0/DEBUG] [net.neoforged.fml.javafmlmod.AutomaticEventSubscriber/LOADING]: Subscribing method public static void net.neoforged.neoforge.client.BlockEntityRenderBoundsDebugRenderer.onRenderLevelStage(net.neoforged.neoforge.client.event.RenderLevelStageEvent$AfterEntities) to the game event bus
[07May2026 19:33:11.982] [modloading-worker-0/DEBUG] [net.neoforged.fml.javafmlmod.AutomaticEventSubscriber/LOADING]: Scanning class net.neoforged.neoforge.client.NeoForgeRenderPipelines for @SubscribeEvent-annotated methods
[07May2026 19:33:11.997] [modloading-worker-0/DEBUG] [net.neoforged.fml.javafmlmod.AutomaticEventSubscriber/LOADING]: Subscribing method static void net.neoforged.neoforge.client.NeoForgeRenderPipelines.registerPipelines(net.neoforged.neoforge.client.event.RegisterRenderPipelinesEvent) to the event bus of mod neoforge
[07May2026 19:33:11.997] [modloading-worker-0/DEBUG] [net.neoforged.fml.javafmlmod.AutomaticEventSubscriber/LOADING]: Scanning class net.neoforged.neoforge.client.network.ClientPayloadHandler for @SubscribeEvent-annotated methods
[07May2026 19:33:12.005] [modloading-worker-0/DEBUG] [net.neoforged.fml.javafmlmod.AutomaticEventSubscriber/LOADING]: Subscribing method private static void net.neoforged.neoforge.client.network.ClientPayloadHandler.register(net.neoforged.neoforge.client.network.event.RegisterClientPayloadHandlersEvent) to the event bus of mod neoforge
[07May2026 19:33:12.005] [modloading-worker-0/DEBUG] [net.neoforged.fml.javafmlmod.AutomaticEventSubscriber/LOADING]: Scanning class net.neoforged.neoforge.common.MonsterRoomHooks for @SubscribeEvent-annotated methods
[07May2026 19:33:12.006] [modloading-worker-0/DEBUG] [net.neoforged.fml.javafmlmod.AutomaticEventSubscriber/LOADING]: Subscribing method public static void net.neoforged.neoforge.common.MonsterRoomHooks.onDataMapsUpdated(net.neoforged.neoforge.registries.datamaps.DataMapsUpdatedEvent) to the game event bus
[07May2026 19:33:12.006] [modloading-worker-0/DEBUG] [net.neoforged.fml.javafmlmod.AutomaticEventSubscriber/LOADING]: Scanning class net.neoforged.neoforge.model.data.ModelDataManager for @SubscribeEvent-annotated methods
[07May2026 19:33:12.007] [modloading-worker-0/DEBUG] [net.neoforged.fml.javafmlmod.AutomaticEventSubscriber/LOADING]: Subscribing method public static void net.neoforged.neoforge.model.data.ModelDataManager.onChunkUnload(net.neoforged.neoforge.event.level.ChunkEvent$Unload) to the game event bus
[07May2026 19:33:12.007] [modloading-worker-0/DEBUG] [net.neoforged.fml.javafmlmod.AutomaticEventSubscriber/LOADING]: Scanning class net.neoforged.neoforge.network.ConfigurationInitialization for @SubscribeEvent-annotated methods
[07May2026 19:33:12.009] [modloading-worker-0/DEBUG] [net.neoforged.fml.javafmlmod.AutomaticEventSubscriber/LOADING]: Subscribing method private static void net.neoforged.neoforge.network.ConfigurationInitialization.configureModdedClient(net.neoforged.neoforge.network.event.RegisterConfigurationTasksEvent) to the event bus of mod neoforge
[07May2026 19:33:12.010] [modloading-worker-0/DEBUG] [net.neoforged.fml.javafmlmod.AutomaticEventSubscriber/LOADING]: Scanning class net.neoforged.neoforge.network.NetworkInitialization for @SubscribeEvent-annotated methods
[07May2026 19:33:12.010] [modloading-worker-0/DEBUG] [net.neoforged.fml.javafmlmod.AutomaticEventSubscriber/LOADING]: Subscribing method private static void net.neoforged.neoforge.network.NetworkInitialization.register(net.neoforged.neoforge.network.event.RegisterPayloadHandlersEvent) to the event bus of mod neoforge
[07May2026 19:33:12.010] [modloading-worker-0/DEBUG] [net.neoforged.fml.javafmlmod.AutomaticEventSubscriber/LOADING]: Scanning class net.neoforged.neoforge.network.filters.GenericPacketSplitter for @SubscribeEvent-annotated methods
[07May2026 19:33:12.026] [modloading-worker-0/DEBUG] [io.netty.buffer.AbstractByteBuf/]: -Dio.netty.buffer.checkAccessible: true
[07May2026 19:33:12.026] [modloading-worker-0/DEBUG] [io.netty.buffer.AbstractByteBuf/]: -Dio.netty.buffer.checkBounds: true
[07May2026 19:33:12.027] [modloading-worker-0/DEBUG] [io.netty.util.ResourceLeakDetectorFactory/]: Loaded default ResourceLeakDetector: io.netty.util.ResourceLeakDetector@66d22e74
[07May2026 19:33:12.031] [modloading-worker-0/DEBUG] [io.netty.util.internal.InternalThreadLocalMap/]: -Dio.netty.threadLocalMap.stringBuilder.initialSize: 1024
[07May2026 19:33:12.031] [modloading-worker-0/DEBUG] [io.netty.util.internal.InternalThreadLocalMap/]: -Dio.netty.threadLocalMap.stringBuilder.maxSize: 4096
[07May2026 19:33:12.034] [modloading-worker-0/DEBUG] [io.netty.buffer.PooledByteBufAllocator/]: -Dio.netty.allocator.numHeapArenas: 32
[07May2026 19:33:12.034] [modloading-worker-0/DEBUG] [io.netty.buffer.PooledByteBufAllocator/]: -Dio.netty.allocator.numDirectArenas: 32
[07May2026 19:33:12.034] [modloading-worker-0/DEBUG] [io.netty.buffer.PooledByteBufAllocator/]: -Dio.netty.allocator.pageSize: 8192
[07May2026 19:33:12.034] [modloading-worker-0/DEBUG] [io.netty.buffer.PooledByteBufAllocator/]: -Dio.netty.allocator.maxOrder: 9
[07May2026 19:33:12.034] [modloading-worker-0/DEBUG] [io.netty.buffer.PooledByteBufAllocator/]: -Dio.netty.allocator.chunkSize: 4194304
[07May2026 19:33:12.034] [modloading-worker-0/DEBUG] [io.netty.buffer.PooledByteBufAllocator/]: -Dio.netty.allocator.smallCacheSize: 256
[07May2026 19:33:12.035] [modloading-worker-0/DEBUG] [io.netty.buffer.PooledByteBufAllocator/]: -Dio.netty.allocator.normalCacheSize: 64
[07May2026 19:33:12.035] [modloading-worker-0/DEBUG] [io.netty.buffer.PooledByteBufAllocator/]: -Dio.netty.allocator.maxCachedBufferCapacity: 32768
[07May2026 19:33:12.035] [modloading-worker-0/DEBUG] [io.netty.buffer.PooledByteBufAllocator/]: -Dio.netty.allocator.cacheTrimInterval: 8192
[07May2026 19:33:12.035] [modloading-worker-0/DEBUG] [io.netty.buffer.PooledByteBufAllocator/]: -Dio.netty.allocator.cacheTrimIntervalMillis: 0
[07May2026 19:33:12.035] [modloading-worker-0/DEBUG] [io.netty.buffer.PooledByteBufAllocator/]: -Dio.netty.allocator.useCacheForAllThreads: false
[07May2026 19:33:12.035] [modloading-worker-0/DEBUG] [io.netty.buffer.PooledByteBufAllocator/]: -Dio.netty.allocator.maxCachedByteBuffersPerChunk: 1023
[07May2026 19:33:12.035] [modloading-worker-0/DEBUG] [io.netty.buffer.PooledByteBufAllocator/]: -Dio.netty.allocator.disableCacheFinalizersForFastThreadLocalThreads: false
[07May2026 19:33:12.040] [modloading-worker-0/DEBUG] [io.netty.buffer.ByteBufUtil/]: -Dio.netty.allocator.type: pooled
[07May2026 19:33:12.040] [modloading-worker-0/DEBUG] [io.netty.buffer.ByteBufUtil/]: -Dio.netty.threadLocalDirectBufferSize: 0
[07May2026 19:33:12.040] [modloading-worker-0/DEBUG] [io.netty.buffer.ByteBufUtil/]: -Dio.netty.maxThreadLocalCharBufferSize: 16384
[07May2026 19:33:12.043] [modloading-worker-0/DEBUG] [net.neoforged.fml.javafmlmod.AutomaticEventSubscriber/LOADING]: Subscribing method private static void net.neoforged.neoforge.network.filters.GenericPacketSplitter.register(net.neoforged.neoforge.network.event.RegisterPayloadHandlersEvent) to the event bus of mod neoforge
[07May2026 19:33:12.152] [modloading-sync-worker/DEBUG] [net.neoforged.fml.config.ConfigTracker/CONFIG]: Loading configs type CLIENT
[07May2026 19:33:12.163] [modloading-sync-worker/DEBUG] [net.neoforged.neoforge.common.NeoForgeMod/FORGEMOD]: Loaded NeoForge config file neoforge-client.toml
[07May2026 19:33:12.164] [modloading-sync-worker/DEBUG] [net.neoforged.fml.config.ConfigTracker/CONFIG]: Loaded TOML config file E:\IMPORTANT\Files\Coding\Projects\Minecraft Mods\Mods\CompactToolsNew\Neo-Forge\1.21.10\run\config\neoforge-client.toml
[07May2026 19:33:12.169] [modloading-sync-worker/DEBUG] [net.neoforged.fml.config.ConfigTracker/CONFIG]: Watching TOML config file E:\IMPORTANT\Files\Coding\Projects\Minecraft Mods\Mods\CompactToolsNew\Neo-Forge\1.21.10\run\config\neoforge-client.toml for changes
[07May2026 19:33:12.169] [modloading-sync-worker/DEBUG] [net.neoforged.fml.config.ConfigTracker/CONFIG]: Loading configs type COMMON
[07May2026 19:33:12.170] [modloading-sync-worker/DEBUG] [net.neoforged.neoforge.common.NeoForgeMod/FORGEMOD]: Loaded NeoForge config file neoforge-common.toml
[07May2026 19:33:12.170] [modloading-sync-worker/DEBUG] [net.neoforged.fml.config.ConfigTracker/CONFIG]: Loaded TOML config file E:\IMPORTANT\Files\Coding\Projects\Minecraft Mods\Mods\CompactToolsNew\Neo-Forge\1.21.10\run\config\neoforge-common.toml
[07May2026 19:33:12.171] [modloading-sync-worker/DEBUG] [net.neoforged.fml.config.ConfigTracker/CONFIG]: Watching TOML config file E:\IMPORTANT\Files\Coding\Projects\Minecraft Mods\Mods\CompactToolsNew\Neo-Forge\1.21.10\run\config\neoforge-common.toml for changes
[07May2026 19:33:12.309] [Render thread/INFO] [com.mojang.authlib.yggdrasil.YggdrasilAuthenticationService/]: Environment: Environment[sessionHost=https://sessionserver.mojang.com, servicesHost=https://api.minecraftservices.com, profilesHost=https://api.mojang.com, name=PROD]
[07May2026 19:33:12.323] [Render thread/INFO] [net.minecraft.client.Minecraft/]: Setting user: Dev
[07May2026 19:33:12.398] [Render thread/INFO] [net.minecraft.client.Minecraft/]: Backend library: LWJGL version 3.3.3+5
[07May2026 19:33:12.503] [Render thread/INFO] [net.minecraft.client.Minecraft/]: Using optional rendering extensions: GL_ARB_buffer_storage, GL_KHR_debug, GL_ARB_vertex_attrib_binding, GL_ARB_direct_state_access
[07May2026 19:33:12.972] [Render thread/INFO] [net.minecraft.server.packs.resources.ReloadableResourceManager/]: Reloading ResourceManager: vanilla, mod_resources, mod/compacttools73, mod/neoforge
[07May2026 19:33:13.128] [Render thread/DEBUG] [net.neoforged.fml.DeferredWorkQueue/LOADING]: Dispatching synchronous work for work queue Common setup: 1 jobs
[07May2026 19:33:13.134] [Render thread/DEBUG] [net.neoforged.fml.DeferredWorkQueue/LOADING]: Synchronous work queue completed in 4.302 ms
[07May2026 19:33:13.188] [resourceLoad/INFO] [net.minecraft.client.gui.font.providers.UnihexProvider/]: Found unifont_pua-16.0.03.hex, loading
[07May2026 19:33:13.188] [resourceLoad/INFO] [net.minecraft.client.gui.font.providers.UnihexProvider/]: Found unifont_all_no_pua-16.0.03.hex, loading
[07May2026 19:33:13.206] [resourceLoad/INFO] [net.minecraft.client.gui.font.providers.UnihexProvider/]: Found unifont_jp_patch-16.0.03.hex, loading
[07May2026 19:33:14.131] [Render thread/INFO] [com.mojang.blaze3d.audio.Library/]: OpenAL initialized on device OpenAL Soft on Headphones (S58)
[07May2026 19:33:14.133] [Render thread/INFO] [net.minecraft.client.sounds.SoundEngine/SOUNDS]: Sound engine started
[07May2026 19:33:14.133] [Render thread/INFO] [net.minecraft.client.renderer.texture.TextureAtlas/]: Created: 512x256x0 minecraft:textures/atlas/particles.png-atlas
[07May2026 19:33:14.136] [Render thread/INFO] [net.minecraft.client.renderer.texture.TextureAtlas/]: Created: 128x64x0 minecraft:textures/atlas/decorated_pot.png-atlas
[07May2026 19:33:14.136] [Render thread/INFO] [net.minecraft.client.renderer.texture.TextureAtlas/]: Created: 2048x1024x0 minecraft:textures/atlas/armor_trims.png-atlas
[07May2026 19:33:14.141] [Render thread/INFO] [net.minecraft.client.renderer.texture.TextureAtlas/]: Created: 512x256x0 minecraft:textures/atlas/paintings.png-atlas
[07May2026 19:33:14.141] [Render thread/INFO] [net.minecraft.client.renderer.texture.TextureAtlas/]: Created: 512x512x0 minecraft:textures/atlas/shield_patterns.png-atlas
[07May2026 19:33:14.142] [Render thread/INFO] [net.minecraft.client.renderer.texture.TextureAtlas/]: Created: 1024x1024x4 minecraft:textures/atlas/blocks.png-atlas
[07May2026 19:33:14.150] [Render thread/INFO] [net.minecraft.client.renderer.texture.TextureAtlas/]: Created: 512x256x0 minecraft:textures/atlas/chest.png-atlas
[07May2026 19:33:14.150] [Render thread/INFO] [net.minecraft.client.renderer.texture.TextureAtlas/]: Created: 512x512x0 minecraft:textures/atlas/banner_patterns.png-atlas
[07May2026 19:33:14.151] [Render thread/INFO] [net.minecraft.client.renderer.texture.TextureAtlas/]: Created: 512x256x0 minecraft:textures/atlas/beds.png-atlas
[07May2026 19:33:14.151] [Render thread/INFO] [net.minecraft.client.renderer.texture.TextureAtlas/]: Created: 1024x512x0 minecraft:textures/atlas/gui.png-atlas
[07May2026 19:33:14.152] [Render thread/INFO] [net.minecraft.client.renderer.texture.TextureAtlas/]: Created: 64x64x0 minecraft:textures/atlas/map_decorations.png-atlas
[07May2026 19:33:14.152] [Render thread/INFO] [net.minecraft.client.renderer.texture.TextureAtlas/]: Created: 256x256x0 minecraft:textures/atlas/signs.png-atlas
[07May2026 19:33:14.153] [Render thread/INFO] [net.minecraft.client.renderer.texture.TextureAtlas/]: Created: 512x256x0 minecraft:textures/atlas/shulker_boxes.png-atlas
[07May2026 19:33:14.238] [Render thread/INFO] [net.neoforged.neoforge.client.entity.animation.json.AnimationLoader/]: Loaded 0 entity animations
[07May2026 19:33:14.360] [Render thread/DEBUG] [net.neoforged.fml.classloading.transformation.ClassTransformStatistics/]: Transformed/total loaded classes: 395/6980 (5.66%) and 5 parsed for mixin
[07May2026 19:33:21.541] [Render thread/INFO] [net.minecraft.world.item.crafting.RecipeManager/]: Loaded 1468 recipes
[07May2026 19:33:21.550] [Render thread/INFO] [net.minecraft.advancements.AdvancementTree/]: Loaded 1574 advancements
[07May2026 19:33:21.551] [Render thread/INFO] [net.neoforged.neoforge.common.crafting.RecipePriorityManager/]: Loaded 0 recipe priority overrides
[07May2026 19:33:21.615] [Render thread/DEBUG] [net.neoforged.neoforge.common.CommonHooks/WP]: Gathered mod list to write to world save New World
[07May2026 19:33:21.716] [Server thread/INFO] [net.minecraft.client.server.IntegratedServer/]: Starting integrated minecraft server version 1.21.10
[07May2026 19:33:21.717] [Server thread/INFO] [net.minecraft.server.MinecraftServer/]: Generating keypair
[07May2026 19:33:21.767] [Server thread/DEBUG] [net.neoforged.fml.config.ConfigTracker/CONFIG]: Loading configs type SERVER
[07May2026 19:33:21.769] [Server thread/DEBUG] [net.neoforged.neoforge.common.NeoForgeMod/FORGEMOD]: Loaded NeoForge config file neoforge-server.toml
[07May2026 19:33:21.769] [Server thread/DEBUG] [net.neoforged.fml.config.ConfigTracker/CONFIG]: Loaded TOML config file E:\IMPORTANT\Files\Coding\Projects\Minecraft Mods\Mods\CompactToolsNew\Neo-Forge\1.21.10\run\config\neoforge-server.toml
[07May2026 19:33:21.770] [Server thread/DEBUG] [net.neoforged.fml.config.ConfigTracker/CONFIG]: Watching TOML config file E:\IMPORTANT\Files\Coding\Projects\Minecraft Mods\Mods\CompactToolsNew\Neo-Forge\1.21.10\run\config\neoforge-server.toml for changes
[07May2026 19:33:21.958] [Server thread/INFO] [net.minecraft.server.level.progress.LoggingLevelLoadListener/]: Loading 0 persistent chunks...
[07May2026 19:33:21.958] [Server thread/INFO] [net.minecraft.server.level.progress.LoggingLevelLoadListener/]: Preparing spawn area: 16%
[07May2026 19:33:21.971] [Server thread/INFO] [net.neoforged.neoforge.server.permission.PermissionAPI/]: Successfully initialized permission handler neoforge:default_handler
[07May2026 19:33:22.037] [Render thread/DEBUG] [io.netty.channel.MultithreadEventLoopGroup/]: -Dio.netty.eventLoopThreads: 32
[07May2026 19:33:22.045] [Render thread/DEBUG] [io.netty.util.concurrent.GlobalEventExecutor/]: -Dio.netty.globalEventExecutor.quietPeriodSeconds: 1
[07May2026 19:33:22.053] [Render thread/DEBUG] [io.netty.channel.nio.NioEventLoop/]: -Dio.netty.noKeySetOptimization: false
[07May2026 19:33:22.054] [Render thread/DEBUG] [io.netty.channel.nio.NioEventLoop/]: -Dio.netty.selectorAutoRebuildThreshold: 512
[07May2026 19:33:22.059] [Render thread/DEBUG] [io.netty.util.internal.PlatformDependent/]: org.jctools-core.MpscChunkedArrayQueue: available
[07May2026 19:33:22.095] [Render thread/DEBUG] [io.netty.channel.DefaultChannelId/]: -Dio.netty.processId: 44892 (auto-detected)
[07May2026 19:33:22.097] [Render thread/DEBUG] [io.netty.util.NetUtil/]: -Djava.net.preferIPv4Stack: false
[07May2026 19:33:22.097] [Render thread/DEBUG] [io.netty.util.NetUtil/]: -Djava.net.preferIPv6Addresses: system
[07May2026 19:33:22.099] [Render thread/DEBUG] [io.netty.util.NetUtilInitializations/]: Loopback interface: loopback_0 (Software Loopback Interface 1, 0:0:0:0:0:0:0:1)
[07May2026 19:33:22.099] [Render thread/DEBUG] [io.netty.util.NetUtil/]: Failed to get SOMAXCONN from sysctl and file \proc\sys\net\core\somaxconn. Default: 200
[07May2026 19:33:22.100] [Render thread/DEBUG] [io.netty.channel.DefaultChannelId/]: -Dio.netty.machineId: 00:1a:7d:ff:fe:da:71:13 (auto-detected)
[07May2026 19:33:22.110] [Render thread/DEBUG] [io.netty.bootstrap.ChannelInitializerExtensions/]: -Dio.netty.bootstrap.extensions: null
[07May2026 19:33:22.148] [Render thread/DEBUG] [io.netty.util.Recycler/]: -Dio.netty.recycler.maxCapacityPerThread: 4096
[07May2026 19:33:22.148] [Render thread/DEBUG] [io.netty.util.Recycler/]: -Dio.netty.recycler.ratio: 8
[07May2026 19:33:22.148] [Render thread/DEBUG] [io.netty.util.Recycler/]: -Dio.netty.recycler.chunkSize: 32
[07May2026 19:33:22.148] [Render thread/DEBUG] [io.netty.util.Recycler/]: -Dio.netty.recycler.blocking: false
[07May2026 19:33:22.148] [Render thread/DEBUG] [io.netty.util.Recycler/]: -Dio.netty.recycler.batchFastThreadLocalOnly: true
[07May2026 19:33:22.219] [Netty Server IO #1/DEBUG] [net.neoforged.neoforge.network.filters.NetworkFilters/]: Injected net.neoforged.neoforge.network.filters.GenericPacketSplitter@3363c702 into net.minecraft.network.Connection@43e09061
[07May2026 19:33:22.223] [Netty Local Client IO #0/DEBUG] [net.neoforged.neoforge.network.filters.NetworkFilters/]: Injected net.neoforged.neoforge.network.filters.GenericPacketSplitter@4d264b7 into net.minecraft.network.Connection@40dd59f
[07May2026 19:33:22.349] [Server thread/INFO] [net.minecraft.server.level.progress.LoggingLevelLoadListener/]: Loading 49 chunks for player spawn...
[07May2026 19:33:22.474] [Server thread/INFO] [net.minecraft.server.level.progress.LoggingLevelLoadListener/]: Preparing spawn area: 16%
[07May2026 19:33:22.525] [Server thread/INFO] [net.minecraft.server.level.progress.LoggingLevelLoadListener/]: Time elapsed: 567 ms
[07May2026 19:33:22.726] [Netty Server IO #1/DEBUG] [net.neoforged.neoforge.network.filters.NetworkFilters/]: Injected net.neoforged.neoforge.network.filters.GenericPacketSplitter@73e447e5 into net.minecraft.network.Connection@43e09061
[07May2026 19:33:22.790] [Server thread/INFO] [net.minecraft.server.players.PlayerList/]: Dev[local:E:ef7d0059] logged in with entity id 1 at (-6.5, 56.0, -5.5)
[07May2026 19:33:22.798] [Server thread/DEBUG] [net.neoforged.neoforge.common.CommonHooks/]: Sending 0 recipes of the following types: []
[07May2026 19:33:22.843] [Server thread/INFO] [net.minecraft.server.MinecraftServer/]: Dev joined the game
[07May2026 19:33:22.926] [Render thread/WARN] [net.minecraft.client.multiplayer.ClientPacketListener/]: Ignoring chat session from Dev due to missing Services public key
[07May2026 19:33:22.978] [Render thread/INFO] [net.minecraft.client.renderer.DynamicUniformStorage/]: Resizing Dynamic Transforms UBO, capacity limit of 2 reached during a single frame. New capacity will be 4.
[07May2026 19:33:22.998] [Server thread/INFO] [net.minecraft.client.server.IntegratedServer/]: Changing view distance to 12, from 10
[07May2026 19:33:23.000] [Server thread/INFO] [net.minecraft.client.server.IntegratedServer/]: Changing simulation distance to 12, from 0
[07May2026 19:33:23.038] [Render thread/INFO] [net.minecraft.client.renderer.DynamicUniformStorage/]: Resizing Dynamic Transforms UBO, capacity limit of 4 reached during a single frame. New capacity will be 8.
[07May2026 19:33:23.054] [Render thread/INFO] [net.minecraft.advancements.AdvancementTree/]: Loaded 31 advancements
[07May2026 19:33:23.127] [Render thread/INFO] [net.minecraft.client.renderer.DynamicUniformStorage/]: Resizing Dynamic Transforms UBO, capacity limit of 8 reached during a single frame. New capacity will be 16.
[07May2026 19:33:23.321] [Render thread/INFO] [net.minecraft.client.renderer.DynamicUniformStorage/]: Resizing Dynamic Transforms UBO, capacity limit of 16 reached during a single frame. New capacity will be 32.
[07May2026 19:33:23.408] [Render thread/INFO] [net.minecraft.client.renderer.DynamicUniformStorage/]: Resizing Dynamic Transforms UBO, capacity limit of 32 reached during a single frame. New capacity will be 64.
[07May2026 19:33:23.515] [Render thread/INFO] [net.minecraft.client.renderer.DynamicUniformStorage/]: Resizing Dynamic Transforms UBO, capacity limit of 64 reached during a single frame. New capacity will be 128.
[07May2026 19:33:23.895] [Render thread/INFO] [net.minecraft.client.renderer.DynamicUniformStorage/]: Resizing Dynamic Transforms UBO, capacity limit of 128 reached during a single frame. New capacity will be 256.
[07May2026 19:33:26.375] [Server thread/INFO] [net.minecraft.client.server.IntegratedServer/]: Saving and pausing game...
[07May2026 19:33:26.442] [Server thread/INFO] [net.minecraft.server.MinecraftServer/]: Saving chunks for level 'ServerLevel[New World]'/minecraft:overworld
[07May2026 19:33:26.449] [Server thread/INFO] [net.minecraft.server.MinecraftServer/]: Saving chunks for level 'ServerLevel[New World]'/minecraft:the_end
[07May2026 19:33:26.450] [Server thread/INFO] [net.minecraft.server.MinecraftServer/]: Saving chunks for level 'ServerLevel[New World]'/minecraft:the_nether
[07May2026 19:33:26.451] [Server thread/DEBUG] [net.neoforged.neoforge.common.CommonHooks/WP]: Gathered mod list to write to world save New World
[07May2026 19:33:27.026] [Server thread/INFO] [net.minecraft.server.network.ServerGamePacketListenerImpl/]: Dev lost connection: Disconnected
[07May2026 19:33:27.027] [Server thread/INFO] [net.minecraft.server.MinecraftServer/]: Dev left the game
[07May2026 19:33:27.112] [Server thread/INFO] [net.minecraft.server.network.ServerCommonPacketListenerImpl/]: Stopping singleplayer server as player logged out
[07May2026 19:33:27.132] [Server thread/INFO] [net.minecraft.server.MinecraftServer/]: Stopping server
[07May2026 19:33:27.133] [Server thread/INFO] [net.minecraft.server.MinecraftServer/]: Saving players
[07May2026 19:33:27.133] [Server thread/INFO] [net.minecraft.server.MinecraftServer/]: Saving worlds
[07May2026 19:33:27.308] [Server thread/INFO] [net.minecraft.server.MinecraftServer/]: Saving chunks for level 'ServerLevel[New World]'/minecraft:overworld
[07May2026 19:33:27.477] [Server thread/INFO] [net.minecraft.server.MinecraftServer/]: Saving chunks for level 'ServerLevel[New World]'/minecraft:the_end
[07May2026 19:33:27.545] [Server thread/INFO] [net.minecraft.server.MinecraftServer/]: Saving chunks for level 'ServerLevel[New World]'/minecraft:the_nether
[07May2026 19:33:27.605] [Server thread/DEBUG] [net.neoforged.neoforge.common.CommonHooks/WP]: Gathered mod list to write to world save New World
[07May2026 19:33:27.628] [Server thread/INFO] [net.minecraft.server.MinecraftServer/]: ThreadedAnvilChunkStorage (New World): All chunks are saved
[07May2026 19:33:27.628] [Server thread/INFO] [net.minecraft.server.MinecraftServer/]: ThreadedAnvilChunkStorage (DIM1): All chunks are saved
[07May2026 19:33:27.628] [Server thread/INFO] [net.minecraft.server.MinecraftServer/]: ThreadedAnvilChunkStorage (DIM-1): All chunks are saved
[07May2026 19:33:27.628] [Server thread/INFO] [net.minecraft.server.MinecraftServer/]: ThreadedAnvilChunkStorage: All dimensions are saved
[07May2026 19:33:28.017] [Server thread/DEBUG] [net.neoforged.fml.config.ConfigTracker/CONFIG]: Unloading configs type SERVER
[07May2026 19:33:28.451] [Render thread/DEBUG] [net.neoforged.fml.classloading.transformation.ClassTransformStatistics/]: Transformed/total loaded classes: 432/8493 (5.09%) and 5 parsed for mixin
[07May2026 19:33:28.461] [Render thread/INFO] [net.minecraft.client.Minecraft/]: Stopping!
