[07May2026 19:41:03.599] [main/INFO] [net.neoforged.fml.startup.Entrypoint/]: JVM Uptime at startup: 185ms
[07May2026 19:41:03.608] [main/INFO] [net.neoforged.fml.loading.FMLLoader/]: Starting FancyModLoader version 10.0.36 (CLIENT in DEV)
[07May2026 19:41:03.608] [main/INFO] [net.neoforged.fml.loading.FMLLoader/]: Game directory: E:\IMPORTANT\Files\Coding\Projects\Minecraft Mods\Mods\CompactToolsNew\Neo-Forge\1.21.11\run
[07May2026 19:41:03.609] [main/DEBUG] [net.neoforged.fml.loading.FMLPaths/CORE]: Path GAMEDIR is E:\IMPORTANT\Files\Coding\Projects\Minecraft Mods\Mods\CompactToolsNew\Neo-Forge\1.21.11\run
[07May2026 19:41:03.610] [main/DEBUG] [net.neoforged.fml.loading.FMLPaths/CORE]: Path JIJ_CACHEDIR is E:\IMPORTANT\Files\Coding\Projects\Minecraft Mods\Mods\CompactToolsNew\Neo-Forge\1.21.11\run\.cache\jij
[07May2026 19:41:03.611] [main/DEBUG] [net.neoforged.fml.loading.FMLPaths/CORE]: Path MODSDIR is E:\IMPORTANT\Files\Coding\Projects\Minecraft Mods\Mods\CompactToolsNew\Neo-Forge\1.21.11\run\mods
[07May2026 19:41:03.612] [main/DEBUG] [net.neoforged.fml.loading.FMLPaths/CORE]: Path CONFIGDIR is E:\IMPORTANT\Files\Coding\Projects\Minecraft Mods\Mods\CompactToolsNew\Neo-Forge\1.21.11\run\config
[07May2026 19:41:03.612] [main/DEBUG] [net.neoforged.fml.loading.FMLPaths/CORE]: Path FMLCONFIG is E:\IMPORTANT\Files\Coding\Projects\Minecraft Mods\Mods\CompactToolsNew\Neo-Forge\1.21.11\run\config\fml.toml
[07May2026 19:41:03.650] [ForkJoinPool.commonPool-worker-7/DEBUG] [net.neoforged.fml.loading.EarlyServiceDiscovery/]: C:\Users\jakeb\.gradle\caches\modules-2\files-2.1\net.neoforged.fancymodloader\earlydisplay\10.0.36\dbd0e11d545443f602addede111c39d9639708f9\earlydisplay-10.0.36.jar contains early service net.neoforged.neoforgespi.earlywindow.ImmediateWindowProvider
[07May2026 19:41:03.652] [ForkJoinPool.commonPool-worker-11/DEBUG] [net.neoforged.fml.loading.EarlyServiceDiscovery/]: C:\Users\jakeb\.gradle\caches\modules-2\files-2.1\net.neoforged.fancymodloader\loader\10.0.36\f72ab4d3e755fe736829883d90430a281527aca\loader-10.0.36.jar contains early service net.neoforged.neoforgespi.locating.IDependencyLocator
[07May2026 19:41:03.664] [ForkJoinPool.commonPool-worker-11/DEBUG] [net.neoforged.fml.loading.moddiscovery.ModFile/LOADING]: Loading mod file C:\Users\jakeb\.gradle\caches\modules-2\files-2.1\net.neoforged.fancymodloader\loader\10.0.36\f72ab4d3e755fe736829883d90430a281527aca\loader-10.0.36.jar with languages []
[07May2026 19:41:03.664] [ForkJoinPool.commonPool-worker-7/DEBUG] [net.neoforged.fml.loading.moddiscovery.ModFile/LOADING]: Loading mod file C:\Users\jakeb\.gradle\caches\modules-2\files-2.1\net.neoforged.fancymodloader\earlydisplay\10.0.36\dbd0e11d545443f602addede111c39d9639708f9\earlydisplay-10.0.36.jar with languages []
[07May2026 19:41:03.665] [main/INFO] [net.neoforged.fml.loading.EarlyServiceDiscovery/]: Found 2 early service jars (out of 104) in 28ms
[07May2026 19:41:03.666] [main/INFO] [net.neoforged.fml.loading.FMLLoader/]: Loading FML Early Services:
[07May2026 19:41:03.666] [main/INFO] [net.neoforged.fml.loading.FMLLoader/]:  - C:/Users/jakeb/.gradle/caches/modules-2/files-2.1/net.neoforged.fancymodloader/earlydisplay/10.0.36/dbd0e11d545443f602addede111c39d9639708f9/earlydisplay-10.0.36.jar
[07May2026 19:41:03.667] [main/INFO] [net.neoforged.fml.loading.FMLLoader/]:  - C:/Users/jakeb/.gradle/caches/modules-2/files-2.1/net.neoforged.fancymodloader/loader/10.0.36/f72ab4d3e755fe736829883d90430a281527aca/loader-10.0.36.jar
[07May2026 19:41:03.672] [main/DEBUG] [net.neoforged.fml.util.ServiceLoaderUtil/CORE]: Found 0 implementations of GraphicsBootstrapper:
[07May2026 19:41:03.673] [main/INFO] [net.neoforged.fml.loading.ImmediateWindowHandler/]: Loading ImmediateWindowProvider fmlearlywindow
[07May2026 19:41:03.677] [main/DEBUG] [net.neoforged.fml.util.ServiceLoaderUtil/CORE]: Found 1 implementations of ImmediateWindowProvider:
[07May2026 19:41:03.678] [main/DEBUG] [net.neoforged.fml.util.ServiceLoaderUtil/CORE]: 	net.neoforged.fml.earlydisplay.DisplayWindow from C:/Users/jakeb/.gradle/caches/modules-2/files-2.1/net.neoforged.fancymodloader/earlydisplay/10.0.36/dbd0e11d545443f602addede111c39d9639708f9/earlydisplay-10.0.36.jar
[07May2026 19:41:03.717] [main/DEBUG] [net.neoforged.fml.earlydisplay.theme.ThemeLoader/]: Loading built-in theme default
[07May2026 19:41:04.183] [ForkJoinPool.commonPool-worker-9/DEBUG] [net.neoforged.fml.util.ServiceLoaderUtil/CORE]: Found 4 implementations of IModFileCandidateLocator:
[07May2026 19:41:04.183] [ForkJoinPool.commonPool-worker-9/DEBUG] [net.neoforged.fml.util.ServiceLoaderUtil/CORE]: 	    1000 - [built-in] net.neoforged.fml.loading.moddiscovery.locators.GameLocator from C:/Users/jakeb/.gradle/caches/modules-2/files-2.1/net.neoforged.fancymodloader/loader/10.0.36/f72ab4d3e755fe736829883d90430a281527aca/loader-10.0.36.jar
[07May2026 19:41:04.184] [ForkJoinPool.commonPool-worker-9/DEBUG] [net.neoforged.fml.util.ServiceLoaderUtil/CORE]: 	    1000 - [built-in] net.neoforged.fml.loading.moddiscovery.locators.InDevFolderLocator from C:/Users/jakeb/.gradle/caches/modules-2/files-2.1/net.neoforged.fancymodloader/loader/10.0.36/f72ab4d3e755fe736829883d90430a281527aca/loader-10.0.36.jar
[07May2026 19:41:04.184] [ForkJoinPool.commonPool-worker-9/DEBUG] [net.neoforged.fml.util.ServiceLoaderUtil/CORE]: 	    1000 - [built-in] net.neoforged.fml.loading.moddiscovery.locators.InDevJarLocator from C:/Users/jakeb/.gradle/caches/modules-2/files-2.1/net.neoforged.fancymodloader/loader/10.0.36/f72ab4d3e755fe736829883d90430a281527aca/loader-10.0.36.jar
[07May2026 19:41:04.185] [ForkJoinPool.commonPool-worker-9/DEBUG] [net.neoforged.fml.util.ServiceLoaderUtil/CORE]: 	       0 - [built-in] net.neoforged.fml.loading.moddiscovery.locators.ModsFolderLocator from C:/Users/jakeb/.gradle/caches/modules-2/files-2.1/net.neoforged.fancymodloader/loader/10.0.36/f72ab4d3e755fe736829883d90430a281527aca/loader-10.0.36.jar
[07May2026 19:41:04.187] [ForkJoinPool.commonPool-worker-9/DEBUG] [net.neoforged.fml.util.ServiceLoaderUtil/CORE]: Found 2 implementations of IModFileReader:
[07May2026 19:41:04.187] [ForkJoinPool.commonPool-worker-9/DEBUG] [net.neoforged.fml.util.ServiceLoaderUtil/CORE]: 	       0 - net.neoforged.fml.loading.moddiscovery.readers.JarModsDotTomlModFileReader from C:/Users/jakeb/.gradle/caches/modules-2/files-2.1/net.neoforged.fancymodloader/loader/10.0.36/f72ab4d3e755fe736829883d90430a281527aca/loader-10.0.36.jar
[07May2026 19:41:04.187] [ForkJoinPool.commonPool-worker-9/DEBUG] [net.neoforged.fml.util.ServiceLoaderUtil/CORE]: 	   -1000 - net.neoforged.fml.loading.moddiscovery.readers.NestedLibraryModReader from C:/Users/jakeb/.gradle/caches/modules-2/files-2.1/net.neoforged.fancymodloader/loader/10.0.36/f72ab4d3e755fe736829883d90430a281527aca/loader-10.0.36.jar
[07May2026 19:41:04.191] [ForkJoinPool.commonPool-worker-9/DEBUG] [net.neoforged.fml.util.ServiceLoaderUtil/CORE]: Found 1 implementations of IDependencyLocator:
[07May2026 19:41:04.191] [ForkJoinPool.commonPool-worker-9/DEBUG] [net.neoforged.fml.util.ServiceLoaderUtil/CORE]: 	       0 - net.neoforged.fml.loading.moddiscovery.locators.JarInJarDependencyLocator from C:/Users/jakeb/.gradle/caches/modules-2/files-2.1/net.neoforged.fancymodloader/loader/10.0.36/f72ab4d3e755fe736829883d90430a281527aca/loader-10.0.36.jar
[07May2026 19:41:04.233] [ForkJoinPool.commonPool-worker-9/DEBUG] [net.neoforged.fml.loading.moddiscovery.locators.RequiredSystemFiles/]: Found NeoForge MANIFEST.MF in jar(E:/IMPORTANT/Files/Coding/Projects/Minecraft Mods/Mods/CompactToolsNew/Neo-Forge/1.21.11/build/moddev/artifacts/neoforge-21.11.42.jar)
[07May2026 19:41:04.235] [ForkJoinPool.commonPool-worker-9/INFO] [net.neoforged.fml.loading.moddiscovery.locators.GameLocator/]: Detected a joined NeoForge and Minecraft configuration. Applying filtering...
[07May2026 19:41:04.433] [ForkJoinPool.commonPool-worker-9/DEBUG] [net.neoforged.fml.loading.moddiscovery.ModFileInfo/LOADING]: Found valid mod file neoforge-21.11.42-client-extra-aka-minecraft-resources.jar with {minecraft} mods - versions {1.21.11}
[07May2026 19:41:04.435] [ForkJoinPool.commonPool-worker-9/DEBUG] [net.neoforged.fml.loading.moddiscovery.ModFile/LOADING]: Loading mod file E:\IMPORTANT\Files\Coding\Projects\Minecraft Mods\Mods\CompactToolsNew\Neo-Forge\1.21.11\build\moddev\artifacts\neoforge-21.11.42-client-extra-aka-minecraft-resources.jar with languages [LanguageSpec[languageName=minecraft, acceptedVersions=1]]
[07May2026 19:41:04.437] [ForkJoinPool.commonPool-worker-9/DEBUG] [net.neoforged.fml.loading.moddiscovery.ModFileParser/LOADING]: Considering mod file candidate E:\IMPORTANT\Files\Coding\Projects\Minecraft Mods\Mods\CompactToolsNew\Neo-Forge\1.21.11\build\moddev\artifacts\neoforge-21.11.42.jar
[07May2026 19:41:04.448] [ForkJoinPool.commonPool-worker-9/DEBUG] [net.neoforged.fml.loading.moddiscovery.ModFileInfo/LOADING]: Found valid mod file neoforge-21.11.42.jar with {neoforge} mods - versions {21.11.42}
[07May2026 19:41:04.448] [ForkJoinPool.commonPool-worker-9/DEBUG] [net.neoforged.fml.loading.moddiscovery.ModFile/LOADING]: Loading mod file E:\IMPORTANT\Files\Coding\Projects\Minecraft Mods\Mods\CompactToolsNew\Neo-Forge\1.21.11\build\moddev\artifacts\neoforge-21.11.42.jar with languages [LanguageSpec[languageName=javafml, acceptedVersions=[3,]]]
[07May2026 19:41:04.454] [ForkJoinPool.commonPool-worker-9/DEBUG] [net.neoforged.fml.loading.moddiscovery.ModFile/LOADING]: Found mixin config MixinConfig[config=neoforge.mixins.json, requiredMods=[], behaviorVersion=null]
[07May2026 19:41:04.455] [ForkJoinPool.commonPool-worker-9/INFO] [net.neoforged.fml.loading.moddiscovery.locators.InDevFolderLocator/CORE]: Got mod coordinates compacttools73%%E:\IMPORTANT\Files\Coding\Projects\Minecraft Mods\Mods\CompactToolsNew\Neo-Forge\1.21.11\build\classes\java\main;compacttools73%%E:\IMPORTANT\Files\Coding\Projects\Minecraft Mods\Mods\CompactToolsNew\Neo-Forge\1.21.11\build\resources\main from env
[07May2026 19:41:04.461] [ForkJoinPool.commonPool-worker-9/DEBUG] [net.neoforged.fml.loading.moddiscovery.ModFileParser/LOADING]: Considering mod file candidate E:\IMPORTANT\Files\Coding\Projects\Minecraft Mods\Mods\CompactToolsNew\Neo-Forge\1.21.11\build\classes\java\main
[07May2026 19:41:04.468] [ForkJoinPool.commonPool-worker-9/DEBUG] [net.neoforged.fml.loading.moddiscovery.ModFileInfo/LOADING]: Found valid mod file main with {compacttools73} mods - versions {2.0.0}
[07May2026 19:41:04.468] [ForkJoinPool.commonPool-worker-9/DEBUG] [net.neoforged.fml.loading.moddiscovery.ModFile/LOADING]: Loading mod file E:\IMPORTANT\Files\Coding\Projects\Minecraft Mods\Mods\CompactToolsNew\Neo-Forge\1.21.11\build\classes\java\main with languages [LanguageSpec[languageName=javafml, acceptedVersions=[4,)]]
[07May2026 19:41:04.469] [ForkJoinPool.commonPool-worker-9/DEBUG] [net.neoforged.fml.loading.moddiscovery.ModFile/LOADING]: Found mixin config MixinConfig[config=compacttools73.mixins.json, requiredMods=[], behaviorVersion=null]
[07May2026 19:41:04.471] [ForkJoinPool.commonPool-worker-9/DEBUG] [net.neoforged.fml.loading.moddiscovery.ModDiscoverer/]: Skipping E:\IMPORTANT\Files\Coding\Projects\Minecraft Mods\Mods\CompactToolsNew\Neo-Forge\1.21.11\build\moddev\artifacts\neoforge-21.11.42.jar because it was already located earlier
[07May2026 19:41:04.569] [fml-loadingscreen/INFO] [net.neoforged.fml.earlydisplay.render.LoadingScreenRenderer/]: GL info: NVIDIA GeForce RTX 2060/PCIe/SSE2 GL version 3.3.0 NVIDIA 591.86, NVIDIA Corporation
[07May2026 19:41:04.598] [ForkJoinPool.commonPool-worker-9/DEBUG] [net.neoforged.fml.loading.moddiscovery.ModFile/LOADING]: Loading mod file E:\IMPORTANT\Files\Coding\Projects\Minecraft Mods\Mods\CompactToolsNew\Neo-Forge\1.21.11\run\.cache\jij\9822e773bd9f42d36ed53ea3d67486207291747a7bfacc29beeb92040721bc9b\mixinextras-neoforge-0.5.3.jar with languages []
[07May2026 19:41:04.602] [ForkJoinPool.commonPool-worker-9/DEBUG] [net.neoforged.fml.loading.moddiscovery.ModFile/LOADING]: Loading mod file E:\IMPORTANT\Files\Coding\Projects\Minecraft Mods\Mods\CompactToolsNew\Neo-Forge\1.21.11\run\.cache\jij\54bb3c61f37ced77ba30dc02ca5b2f71ced259612101a8b1325855cff9d9755c\net.neoforged.neoforge-coremods-21.11.42.jar with languages []
[07May2026 19:41:04.640] [ForkJoinPool.commonPool-worker-9/INFO] [net.neoforged.fml.loading.moddiscovery.locators.JarInJarDependencyLocator/]: Found 2 dependencies adding them to mods collection
[07May2026 19:41:04.642] [ForkJoinPool.commonPool-worker-9/INFO] [net.neoforged.fml.loading.moddiscovery.ModDiscoverer/]: 
     Mod List:
		Name Version (Mod Id)

		CompactTools 2.0.0 (compacttools73)
		Minecraft 1.21.11 (minecraft)
		NeoForge 21.11.42 (neoforge)
[07May2026 19:41:04.646] [ForkJoinPool.commonPool-worker-9/DEBUG] [net.neoforged.fml.loading.ModSorter/]: Configured system mods: [minecraft, neoforge]
[07May2026 19:41:04.648] [ForkJoinPool.commonPool-worker-9/DEBUG] [net.neoforged.fml.loading.ModSorter/]: Found system mod: minecraft
[07May2026 19:41:04.648] [ForkJoinPool.commonPool-worker-9/DEBUG] [net.neoforged.fml.loading.ModSorter/]: Found system mod: neoforge
[07May2026 19:41:04.651] [ForkJoinPool.commonPool-worker-9/DEBUG] [net.neoforged.fml.loading.ModSorter/LOADING]: Found 2 mod requirements (2 mandatory, 0 optional)
[07May2026 19:41:04.652] [ForkJoinPool.commonPool-worker-9/DEBUG] [net.neoforged.fml.loading.ModSorter/LOADING]: Found 0 mod requirements missing (0 mandatory, 0 optional)
[07May2026 19:41:04.949] [main/INFO] [mixin/]: SpongePowered MIXIN Subsystem Version=0.8.7 Source=file:/C:/Users/jakeb/.gradle/caches/modules-2/files-2.1/net.fabricmc/sponge-mixin/0.16.5+mixin.0.8.7/80fc3a9f592673cea87f4cd702f87991c6c9fe4d/sponge-mixin-0.16.5+mixin.0.8.7.jar Service=FML Env=CLIENT
[07May2026 19:41:05.017] [main/DEBUG] [mixin/]: Initialising Mixin Platform Manager
[07May2026 19:41:05.017] [main/DEBUG] [mixin/]: Adding mixin platform agents for container ContainerHandleVirtual(fml:18c85)
[07May2026 19:41:05.022] [main/DEBUG] [mixin/]: Instancing new MixinPlatformAgentDefault for ContainerHandleVirtual(fml:18c85)
[07May2026 19:41:05.023] [main/DEBUG] [mixin/]: MixinPlatformAgentDefault accepted container ContainerHandleVirtual(fml:18c85)
[07May2026 19:41:05.023] [main/DEBUG] [mixin/]: Instancing new MixinPlatformAgentDefault for ContainerHandleVirtual(fml:18c85)
[07May2026 19:41:05.023] [main/DEBUG] [mixin/]: MixinPlatformAgentDefault accepted container ContainerHandleVirtual(fml:18c85)
[07May2026 19:41:05.025] [main/DEBUG] [mixin/]: Processing prepare() for PlatformAgent[MixinPlatformAgentDefault:ContainerHandleVirtual(fml:18c85)]
[07May2026 19:41:05.025] [main/DEBUG] [mixin/]: Processing prepare() for PlatformAgent[MixinPlatformAgentDefault:ContainerHandleVirtual(fml:18c85)]
[07May2026 19:41:05.028] [main/INFO] [net.neoforged.fml.loading.FMLLoader/]: Loading FML Plugins:
[07May2026 19:41:05.029] [main/INFO] [net.neoforged.fml.loading.FMLLoader/]:  - E:/IMPORTANT/Files/Coding/Projects/Minecraft Mods/Mods/CompactToolsNew/Neo-Forge/1.21.11/build/moddev/artifacts/neoforge-21.11.42.jar > net.neoforged.neoforge-coremods-21.11.42.jar
[07May2026 19:41:05.044] [main/DEBUG] [net.neoforged.fml.util.ServiceLoaderUtil/CORE]: Found 2 implementations of IModLanguageLoader:
[07May2026 19:41:05.044] [main/DEBUG] [net.neoforged.fml.util.ServiceLoaderUtil/CORE]: 	net.neoforged.fml.javafmlmod.FMLJavaModLanguageProvider from C:/Users/jakeb/.gradle/caches/modules-2/files-2.1/net.neoforged.fancymodloader/loader/10.0.36/f72ab4d3e755fe736829883d90430a281527aca/loader-10.0.36.jar
[07May2026 19:41:05.044] [main/DEBUG] [net.neoforged.fml.util.ServiceLoaderUtil/CORE]: 	net.neoforged.fml.mclanguageprovider.MinecraftModLanguageProvider from C:/Users/jakeb/.gradle/caches/modules-2/files-2.1/net.neoforged.fancymodloader/loader/10.0.36/f72ab4d3e755fe736829883d90430a281527aca/loader-10.0.36.jar
[07May2026 19:41:05.046] [main/DEBUG] [net.neoforged.fml.loading.LanguageProviderLoader/CORE]: Found language provider javafml, version 10.0
[07May2026 19:41:05.047] [main/DEBUG] [net.neoforged.fml.loading.LanguageProviderLoader/CORE]: Found language provider minecraft, version 10.0
[07May2026 19:41:05.056] [main/DEBUG] [net.neoforged.fml.loading.FMLLoader/]: Adding Access Transformer META-INF/accesstransformer.cfg in composite(filtered(jar(E:/IMPORTANT/Files/Coding/Projects/Minecraft Mods/Mods/CompactToolsNew/Neo-Forge/1.21.11/build/moddev/artifacts/neoforge-21.11.42.jar)))
[07May2026 19:41:05.097] [main/DEBUG] [net.neoforged.fml.loading.FMLLoader/]: Adding Access Transformer META-INF/accesstransformergenerated.cfg in composite(filtered(jar(E:/IMPORTANT/Files/Coding/Projects/Minecraft Mods/Mods/CompactToolsNew/Neo-Forge/1.21.11/build/moddev/artifacts/neoforge-21.11.42.jar)))
[07May2026 19:41:05.124] [main/DEBUG] [net.neoforged.fml.util.ServiceLoaderUtil/CORE]: Found 5 implementations of ClassProcessor:
[07May2026 19:41:05.125] [main/DEBUG] [net.neoforged.fml.util.ServiceLoaderUtil/CORE]: 	[built-in] net.neoforged.fml.common.asm.AccessTransformerService from C:/Users/jakeb/.gradle/caches/modules-2/files-2.1/net.neoforged.fancymodloader/loader/10.0.36/f72ab4d3e755fe736829883d90430a281527aca/loader-10.0.36.jar
[07May2026 19:41:05.125] [main/DEBUG] [net.neoforged.fml.util.ServiceLoaderUtil/CORE]: 	[built-in] net.neoforged.fml.common.asm.enumextension.RuntimeEnumExtender from C:/Users/jakeb/.gradle/caches/modules-2/files-2.1/net.neoforged.fancymodloader/loader/10.0.36/f72ab4d3e755fe736829883d90430a281527aca/loader-10.0.36.jar
[07May2026 19:41:05.125] [main/DEBUG] [net.neoforged.fml.util.ServiceLoaderUtil/CORE]: 	[built-in] net.neoforged.fml.common.asm.SimpleProcessorsGroup from C:/Users/jakeb/.gradle/caches/modules-2/files-2.1/net.neoforged.fancymodloader/loader/10.0.36/f72ab4d3e755fe736829883d90430a281527aca/loader-10.0.36.jar
[07May2026 19:41:05.125] [main/DEBUG] [net.neoforged.fml.util.ServiceLoaderUtil/CORE]: 	[built-in] net.neoforged.fml.loading.moddiscovery.locators.NeoForgeDevDistCleaner from C:/Users/jakeb/.gradle/caches/modules-2/files-2.1/net.neoforged.fancymodloader/loader/10.0.36/f72ab4d3e755fe736829883d90430a281527aca/loader-10.0.36.jar
[07May2026 19:41:05.126] [main/DEBUG] [net.neoforged.fml.util.ServiceLoaderUtil/CORE]: 	[built-in] net.neoforged.fml.loading.mixin.FMLMixinClassProcessor from C:/Users/jakeb/.gradle/caches/modules-2/files-2.1/net.neoforged.fancymodloader/loader/10.0.36/f72ab4d3e755fe736829883d90430a281527aca/loader-10.0.36.jar
[07May2026 19:41:05.129] [main/DEBUG] [net.neoforged.fml.util.ServiceLoaderUtil/CORE]: Found 1 implementations of ClassProcessorProvider:
[07May2026 19:41:05.130] [main/DEBUG] [net.neoforged.fml.util.ServiceLoaderUtil/CORE]: 	net.neoforged.neoforge.coremods.NeoForgeCoreMod from E:/IMPORTANT/Files/Coding/Projects/Minecraft Mods/Mods/CompactToolsNew/Neo-Forge/1.21.11/build/moddev/artifacts/neoforge-21.11.42.jar > net.neoforged.neoforge-coremods-21.11.42.jar
[07May2026 19:41:05.179] [main/DEBUG] [net.neoforged.fml.loading.FMLLoader/]: Masking classpath elements: [E:/IMPORTANT/Files/Coding/Projects/Minecraft Mods/Mods/CompactToolsNew/Neo-Forge/1.21.11/build/resources/main, E:/IMPORTANT/Files/Coding/Projects/Minecraft Mods/Mods/CompactToolsNew/Neo-Forge/1.21.11/build/classes/java/main, E:/IMPORTANT/Files/Coding/Projects/Minecraft Mods/Mods/CompactToolsNew/Neo-Forge/1.21.11/build/moddev/artifacts/neoforge-21.11.42-client-extra-aka-minecraft-resources.jar, E:/IMPORTANT/Files/Coding/Projects/Minecraft Mods/Mods/CompactToolsNew/Neo-Forge/1.21.11/build/moddev/artifacts/neoforge-21.11.42.jar]
[07May2026 19:41:05.195] [main/INFO] [net.neoforged.fml.loading.FMLLoader/]: Building game content classloader:
 - compacttools73 (composite(folder(E:/IMPORTANT/Files/Coding/Projects/Minecraft Mods/Mods/CompactToolsNew/Neo-Forge/1.21.11/build/classes/java/main), folder(E:/IMPORTANT/Files/Coding/Projects/Minecraft Mods/Mods/CompactToolsNew/Neo-Forge/1.21.11/build/resources/main)))
 - minecraft (composite(jar(E:/IMPORTANT/Files/Coding/Projects/Minecraft Mods/Mods/CompactToolsNew/Neo-Forge/1.21.11/build/moddev/artifacts/neoforge-21.11.42-client-extra-aka-minecraft-resources.jar), filtered(jar(E:/IMPORTANT/Files/Coding/Projects/Minecraft Mods/Mods/CompactToolsNew/Neo-Forge/1.21.11/build/moddev/artifacts/neoforge-21.11.42.jar))))
 - mixinextras.neoforge (jar(E:/IMPORTANT/Files/Coding/Projects/Minecraft Mods/Mods/CompactToolsNew/Neo-Forge/1.21.11/build/moddev/artifacts/neoforge-21.11.42.jar > mixinextras-neoforge-0.5.3.jar))
 - neoforge (composite(filtered(jar(E:/IMPORTANT/Files/Coding/Projects/Minecraft Mods/Mods/CompactToolsNew/Neo-Forge/1.21.11/build/moddev/artifacts/neoforge-21.11.42.jar))))
 - net.neoforged.fml.generated (empty(VirtualJar/net.neoforged.fml.generated))
[07May2026 19:41:05.221] [main/INFO] [net.neoforged.fml.loading.FMLLoader/]: Built game content classloader in 39ms
[07May2026 19:41:05.287] [main/DEBUG] [mixin/]: Processing launch tasks for PlatformAgent[MixinPlatformAgentDefault:ContainerHandleVirtual(fml:18c85)]
[07May2026 19:41:05.288] [main/DEBUG] [mixin/]: Processing launch tasks for PlatformAgent[MixinPlatformAgentDefault:ContainerHandleVirtual(fml:18c85)]
[07May2026 19:41:05.288] [main/DEBUG] [mixin/]: Adding agents for Mixin Container composite(filtered(jar(E:/IMPORTANT/Files/Coding/Projects/Minecraft Mods/Mods/CompactToolsNew/Neo-Forge/1.21.11/build/moddev/artifacts/neoforge-21.11.42.jar))) > jar(E:/IMPORTANT/Files/Coding/Projects/Minecraft Mods/Mods/CompactToolsNew/Neo-Forge/1.21.11/build/moddev/artifacts/neoforge-21.11.42.jar > net.neoforged.neoforge-coremods-21.11.42.jar)
[07May2026 19:41:05.288] [main/DEBUG] [mixin/]: Adding mixin platform agents for container composite(filtered(jar(E:/IMPORTANT/Files/Coding/Projects/Minecraft Mods/Mods/CompactToolsNew/Neo-Forge/1.21.11/build/moddev/artifacts/neoforge-21.11.42.jar))) > jar(E:/IMPORTANT/Files/Coding/Projects/Minecraft Mods/Mods/CompactToolsNew/Neo-Forge/1.21.11/build/moddev/artifacts/neoforge-21.11.42.jar > net.neoforged.neoforge-coremods-21.11.42.jar)
[07May2026 19:41:05.289] [main/DEBUG] [mixin/]: Instancing new MixinPlatformAgentDefault for composite(filtered(jar(E:/IMPORTANT/Files/Coding/Projects/Minecraft Mods/Mods/CompactToolsNew/Neo-Forge/1.21.11/build/moddev/artifacts/neoforge-21.11.42.jar))) > jar(E:/IMPORTANT/Files/Coding/Projects/Minecraft Mods/Mods/CompactToolsNew/Neo-Forge/1.21.11/build/moddev/artifacts/neoforge-21.11.42.jar > net.neoforged.neoforge-coremods-21.11.42.jar)
[07May2026 19:41:05.289] [main/DEBUG] [mixin/]: MixinPlatformAgentDefault accepted container composite(filtered(jar(E:/IMPORTANT/Files/Coding/Projects/Minecraft Mods/Mods/CompactToolsNew/Neo-Forge/1.21.11/build/moddev/artifacts/neoforge-21.11.42.jar))) > jar(E:/IMPORTANT/Files/Coding/Projects/Minecraft Mods/Mods/CompactToolsNew/Neo-Forge/1.21.11/build/moddev/artifacts/neoforge-21.11.42.jar > net.neoforged.neoforge-coremods-21.11.42.jar)
[07May2026 19:41:05.289] [main/DEBUG] [mixin/]: Instancing new MixinPlatformAgentDefault for composite(filtered(jar(E:/IMPORTANT/Files/Coding/Projects/Minecraft Mods/Mods/CompactToolsNew/Neo-Forge/1.21.11/build/moddev/artifacts/neoforge-21.11.42.jar))) > jar(E:/IMPORTANT/Files/Coding/Projects/Minecraft Mods/Mods/CompactToolsNew/Neo-Forge/1.21.11/build/moddev/artifacts/neoforge-21.11.42.jar > net.neoforged.neoforge-coremods-21.11.42.jar)
[07May2026 19:41:05.289] [main/DEBUG] [mixin/]: MixinPlatformAgentDefault accepted container composite(filtered(jar(E:/IMPORTANT/Files/Coding/Projects/Minecraft Mods/Mods/CompactToolsNew/Neo-Forge/1.21.11/build/moddev/artifacts/neoforge-21.11.42.jar))) > jar(E:/IMPORTANT/Files/Coding/Projects/Minecraft Mods/Mods/CompactToolsNew/Neo-Forge/1.21.11/build/moddev/artifacts/neoforge-21.11.42.jar > net.neoforged.neoforge-coremods-21.11.42.jar)
[07May2026 19:41:05.289] [main/DEBUG] [mixin/]: Processing prepare() for PlatformAgent[MixinPlatformAgentDefault:composite(filtered(jar(E:/IMPORTANT/Files/Coding/Projects/Minecraft Mods/Mods/CompactToolsNew/Neo-Forge/1.21.11/build/moddev/artifacts/neoforge-21.11.42.jar))) > jar(E:/IMPORTANT/Files/Coding/Projects/Minecraft Mods/Mods/CompactToolsNew/Neo-Forge/1.21.11/build/moddev/artifacts/neoforge-21.11.42.jar > net.neoforged.neoforge-coremods-21.11.42.jar)]
[07May2026 19:41:05.289] [main/DEBUG] [mixin/]: Processing prepare() for PlatformAgent[MixinPlatformAgentDefault:composite(filtered(jar(E:/IMPORTANT/Files/Coding/Projects/Minecraft Mods/Mods/CompactToolsNew/Neo-Forge/1.21.11/build/moddev/artifacts/neoforge-21.11.42.jar))) > jar(E:/IMPORTANT/Files/Coding/Projects/Minecraft Mods/Mods/CompactToolsNew/Neo-Forge/1.21.11/build/moddev/artifacts/neoforge-21.11.42.jar > net.neoforged.neoforge-coremods-21.11.42.jar)]
[07May2026 19:41:05.290] [main/DEBUG] [mixin/]: Adding agents for Mixin Container composite(filtered(jar(E:/IMPORTANT/Files/Coding/Projects/Minecraft Mods/Mods/CompactToolsNew/Neo-Forge/1.21.11/build/moddev/artifacts/neoforge-21.11.42.jar))) > jar(E:/IMPORTANT/Files/Coding/Projects/Minecraft Mods/Mods/CompactToolsNew/Neo-Forge/1.21.11/build/moddev/artifacts/neoforge-21.11.42.jar > mixinextras-neoforge-0.5.3.jar)
[07May2026 19:41:05.290] [main/DEBUG] [mixin/]: Adding mixin platform agents for container composite(filtered(jar(E:/IMPORTANT/Files/Coding/Projects/Minecraft Mods/Mods/CompactToolsNew/Neo-Forge/1.21.11/build/moddev/artifacts/neoforge-21.11.42.jar))) > jar(E:/IMPORTANT/Files/Coding/Projects/Minecraft Mods/Mods/CompactToolsNew/Neo-Forge/1.21.11/build/moddev/artifacts/neoforge-21.11.42.jar > mixinextras-neoforge-0.5.3.jar)
[07May2026 19:41:05.291] [main/DEBUG] [mixin/]: Instancing new MixinPlatformAgentDefault for composite(filtered(jar(E:/IMPORTANT/Files/Coding/Projects/Minecraft Mods/Mods/CompactToolsNew/Neo-Forge/1.21.11/build/moddev/artifacts/neoforge-21.11.42.jar))) > jar(E:/IMPORTANT/Files/Coding/Projects/Minecraft Mods/Mods/CompactToolsNew/Neo-Forge/1.21.11/build/moddev/artifacts/neoforge-21.11.42.jar > mixinextras-neoforge-0.5.3.jar)
[07May2026 19:41:05.291] [main/DEBUG] [mixin/]: MixinPlatformAgentDefault accepted container composite(filtered(jar(E:/IMPORTANT/Files/Coding/Projects/Minecraft Mods/Mods/CompactToolsNew/Neo-Forge/1.21.11/build/moddev/artifacts/neoforge-21.11.42.jar))) > jar(E:/IMPORTANT/Files/Coding/Projects/Minecraft Mods/Mods/CompactToolsNew/Neo-Forge/1.21.11/build/moddev/artifacts/neoforge-21.11.42.jar > mixinextras-neoforge-0.5.3.jar)
[07May2026 19:41:05.291] [main/DEBUG] [mixin/]: Instancing new MixinPlatformAgentDefault for composite(filtered(jar(E:/IMPORTANT/Files/Coding/Projects/Minecraft Mods/Mods/CompactToolsNew/Neo-Forge/1.21.11/build/moddev/artifacts/neoforge-21.11.42.jar))) > jar(E:/IMPORTANT/Files/Coding/Projects/Minecraft Mods/Mods/CompactToolsNew/Neo-Forge/1.21.11/build/moddev/artifacts/neoforge-21.11.42.jar > mixinextras-neoforge-0.5.3.jar)
[07May2026 19:41:05.291] [main/DEBUG] [mixin/]: MixinPlatformAgentDefault accepted container composite(filtered(jar(E:/IMPORTANT/Files/Coding/Projects/Minecraft Mods/Mods/CompactToolsNew/Neo-Forge/1.21.11/build/moddev/artifacts/neoforge-21.11.42.jar))) > jar(E:/IMPORTANT/Files/Coding/Projects/Minecraft Mods/Mods/CompactToolsNew/Neo-Forge/1.21.11/build/moddev/artifacts/neoforge-21.11.42.jar > mixinextras-neoforge-0.5.3.jar)
[07May2026 19:41:05.292] [main/DEBUG] [mixin/]: Processing prepare() for PlatformAgent[MixinPlatformAgentDefault:composite(filtered(jar(E:/IMPORTANT/Files/Coding/Projects/Minecraft Mods/Mods/CompactToolsNew/Neo-Forge/1.21.11/build/moddev/artifacts/neoforge-21.11.42.jar))) > jar(E:/IMPORTANT/Files/Coding/Projects/Minecraft Mods/Mods/CompactToolsNew/Neo-Forge/1.21.11/build/moddev/artifacts/neoforge-21.11.42.jar > mixinextras-neoforge-0.5.3.jar)]
[07May2026 19:41:05.292] [main/DEBUG] [mixin/]: Registering mixin config: mixinextras.init.mixins.json source=composite(filtered(jar(E:/IMPORTANT/Files/Coding/Projects/Minecraft Mods/Mods/CompactToolsNew/Neo-Forge/1.21.11/build/moddev/artifacts/neoforge-21.11.42.jar))) > jar(E:/IMPORTANT/Files/Coding/Projects/Minecraft Mods/Mods/CompactToolsNew/Neo-Forge/1.21.11/build/moddev/artifacts/neoforge-21.11.42.jar > mixinextras-neoforge-0.5.3.jar)
[07May2026 19:41:05.295] [main/DEBUG] [mixin/]: Processing prepare() for PlatformAgent[MixinPlatformAgentDefault:composite(filtered(jar(E:/IMPORTANT/Files/Coding/Projects/Minecraft Mods/Mods/CompactToolsNew/Neo-Forge/1.21.11/build/moddev/artifacts/neoforge-21.11.42.jar))) > jar(E:/IMPORTANT/Files/Coding/Projects/Minecraft Mods/Mods/CompactToolsNew/Neo-Forge/1.21.11/build/moddev/artifacts/neoforge-21.11.42.jar > mixinextras-neoforge-0.5.3.jar)]
[07May2026 19:41:05.295] [main/DEBUG] [mixin/]: Registering mixin config: mixinextras.init.mixins.json source=composite(filtered(jar(E:/IMPORTANT/Files/Coding/Projects/Minecraft Mods/Mods/CompactToolsNew/Neo-Forge/1.21.11/build/moddev/artifacts/neoforge-21.11.42.jar))) > jar(E:/IMPORTANT/Files/Coding/Projects/Minecraft Mods/Mods/CompactToolsNew/Neo-Forge/1.21.11/build/moddev/artifacts/neoforge-21.11.42.jar > mixinextras-neoforge-0.5.3.jar)
[07May2026 19:41:05.295] [main/DEBUG] [mixin/]: inject() running with 3 agents
[07May2026 19:41:05.295] [main/DEBUG] [mixin/]: Processing inject() for PlatformAgent[MixinPlatformAgentDefault:ContainerHandleVirtual(fml:18c85)]
[07May2026 19:41:05.296] [main/DEBUG] [mixin/]: Processing inject() for PlatformAgent[MixinPlatformAgentDefault:ContainerHandleVirtual(fml:18c85)]
[07May2026 19:41:05.296] [main/DEBUG] [mixin/]: Processing inject() for PlatformAgent[MixinPlatformAgentDefault:composite(filtered(jar(E:/IMPORTANT/Files/Coding/Projects/Minecraft Mods/Mods/CompactToolsNew/Neo-Forge/1.21.11/build/moddev/artifacts/neoforge-21.11.42.jar))) > jar(E:/IMPORTANT/Files/Coding/Projects/Minecraft Mods/Mods/CompactToolsNew/Neo-Forge/1.21.11/build/moddev/artifacts/neoforge-21.11.42.jar > net.neoforged.neoforge-coremods-21.11.42.jar)]
[07May2026 19:41:05.296] [main/DEBUG] [mixin/]: Processing inject() for PlatformAgent[MixinPlatformAgentDefault:composite(filtered(jar(E:/IMPORTANT/Files/Coding/Projects/Minecraft Mods/Mods/CompactToolsNew/Neo-Forge/1.21.11/build/moddev/artifacts/neoforge-21.11.42.jar))) > jar(E:/IMPORTANT/Files/Coding/Projects/Minecraft Mods/Mods/CompactToolsNew/Neo-Forge/1.21.11/build/moddev/artifacts/neoforge-21.11.42.jar > net.neoforged.neoforge-coremods-21.11.42.jar)]
[07May2026 19:41:05.296] [main/DEBUG] [mixin/]: Processing inject() for PlatformAgent[MixinPlatformAgentDefault:composite(filtered(jar(E:/IMPORTANT/Files/Coding/Projects/Minecraft Mods/Mods/CompactToolsNew/Neo-Forge/1.21.11/build/moddev/artifacts/neoforge-21.11.42.jar))) > jar(E:/IMPORTANT/Files/Coding/Projects/Minecraft Mods/Mods/CompactToolsNew/Neo-Forge/1.21.11/build/moddev/artifacts/neoforge-21.11.42.jar > mixinextras-neoforge-0.5.3.jar)]
[07May2026 19:41:05.296] [main/DEBUG] [mixin/]: Processing inject() for PlatformAgent[MixinPlatformAgentDefault:composite(filtered(jar(E:/IMPORTANT/Files/Coding/Projects/Minecraft Mods/Mods/CompactToolsNew/Neo-Forge/1.21.11/build/moddev/artifacts/neoforge-21.11.42.jar))) > jar(E:/IMPORTANT/Files/Coding/Projects/Minecraft Mods/Mods/CompactToolsNew/Neo-Forge/1.21.11/build/moddev/artifacts/neoforge-21.11.42.jar > mixinextras-neoforge-0.5.3.jar)]
[07May2026 19:41:05.304] [main/DEBUG] [mixin/]: Preparing mixins for MixinEnvironment[DEFAULT]
[07May2026 19:41:05.305] [main/DEBUG] [mixin/]: Selecting config compacttools73.mixins.json
[07May2026 19:41:05.320] [main/DEBUG] [mixin/]: Selecting config neoforge.mixins.json
[07May2026 19:41:05.321] [main/DEBUG] [mixin/]: Selecting config mixinextras.init.mixins.json
[07May2026 19:41:05.379] [main/DEBUG] [MixinExtras|Service/]: com.llamalad7.mixinextras.service.MixinExtrasServiceImpl(version=0.5.3) is taking over from null
[07May2026 19:41:05.416] [main/DEBUG] [mixin/]: Registering new injector for @Inject with org.spongepowered.asm.mixin.injection.struct.CallbackInjectionInfo
[07May2026 19:41:05.417] [main/DEBUG] [mixin/]: Registering new injector for @ModifyArg with org.spongepowered.asm.mixin.injection.struct.ModifyArgInjectionInfo
[07May2026 19:41:05.419] [main/DEBUG] [mixin/]: Registering new injector for @ModifyArgs with org.spongepowered.asm.mixin.injection.struct.ModifyArgsInjectionInfo
[07May2026 19:41:05.421] [main/DEBUG] [mixin/]: Registering new injector for @Redirect with org.spongepowered.asm.mixin.injection.struct.RedirectInjectionInfo
[07May2026 19:41:05.422] [main/DEBUG] [mixin/]: Registering new injector for @ModifyVariable with org.spongepowered.asm.mixin.injection.struct.ModifyVariableInjectionInfo
[07May2026 19:41:05.424] [main/DEBUG] [mixin/]: Registering new injector for @ModifyConstant with org.spongepowered.asm.mixin.injection.struct.ModifyConstantInjectionInfo
[07May2026 19:41:05.437] [main/DEBUG] [mixin/]: Preparing compacttools73.mixins.json (0)
[07May2026 19:41:05.439] [main/DEBUG] [mixin/]: Preparing neoforge.mixins.json (2)
[07May2026 19:41:05.527] [main/DEBUG] [mixin/]: Preparing mixinextras.init.mixins.json (0)
[07May2026 19:41:05.795] [main/DEBUG] [io.netty.util.internal.logging.InternalLoggerFactory/]: Using SLF4J as the default logging framework
[07May2026 19:41:05.797] [main/DEBUG] [io.netty.util.ResourceLeakDetector/]: -Dio.netty.leakDetection.level: simple
[07May2026 19:41:05.797] [main/DEBUG] [io.netty.util.ResourceLeakDetector/]: -Dio.netty.leakDetection.targetRecords: 4
[07May2026 19:41:07.041] [Datafixer Bootstrap/INFO] [com.mojang.datafixers.DataFixerBuilder/]: 290 Datafixer optimizations took 574 milliseconds
[07May2026 19:41:07.215] [pool-8-thread-1/INFO] [MixinExtras|Service/]: Initializing MixinExtras via com.llamalad7.mixinextras.service.MixinExtrasServiceImpl(version=0.5.3).
[07May2026 19:41:07.217] [pool-8-thread-1/DEBUG] [mixin/]: Registering new injector for @SugarWrapper with com.llamalad7.mixinextras.sugar.impl.SugarWrapperInjectionInfo
[07May2026 19:41:07.217] [pool-8-thread-1/DEBUG] [mixin/]: Registering new injector for @FactoryRedirectWrapper with com.llamalad7.mixinextras.wrapper.factory.FactoryRedirectWrapperInjectionInfo
[07May2026 19:41:07.218] [pool-8-thread-1/DEBUG] [mixin/]: Registering new injector for @ExpressionInjectorWrapper with com.llamalad7.mixinextras.expression.impl.wrapper.ExpressionInjectorWrapperInjectionInfo
[07May2026 19:41:07.234] [pool-8-thread-1/DEBUG] [mixin/]: Mixing MappedRegistryAccessor from neoforge.mixins.json into net.minecraft.core.MappedRegistry
[07May2026 19:41:08.128] [pool-8-thread-1/DEBUG] [mixin/]: Mixing BlockEntityTypeAccessor from neoforge.mixins.json into net.minecraft.world.level.block.entity.BlockEntityType
[07May2026 19:41:11.634] [main/WARN] [net.minecraft.commands.Commands/]: Ambiguity between arguments [teleport, location] and [teleport, destination] with inputs: [0.1 -0.5 .9, 0 0 0]
[07May2026 19:41:11.634] [main/WARN] [net.minecraft.commands.Commands/]: Ambiguity between arguments [teleport, location] and [teleport, targets] with inputs: [0.1 -0.5 .9, 0 0 0]
[07May2026 19:41:11.634] [main/WARN] [net.minecraft.commands.Commands/]: Ambiguity between arguments [teleport, destination] and [teleport, targets] with inputs: [Player, 0123, @e, dd12be42-52a9-4a91-a8a1-11c01849e498]
[07May2026 19:41:11.634] [main/WARN] [net.minecraft.commands.Commands/]: Ambiguity between arguments [teleport, targets] and [teleport, destination] with inputs: [Player, 0123, dd12be42-52a9-4a91-a8a1-11c01849e498]
[07May2026 19:41:11.646] [main/WARN] [net.minecraft.commands.Commands/]: Ambiguity between arguments [teleport, targets, location] and [teleport, targets, destination] with inputs: [0.1 -0.5 .9, 0 0 0]
[07May2026 19:41:11.646] [main/WARN] [net.minecraft.commands.Commands/]: Ambiguity between arguments [waypoint, modify, waypoint, color, reset] and [waypoint, modify, waypoint, color, color] with inputs: [reset]
[07May2026 19:41:11.672] [main/DEBUG] [net.neoforged.fml.ModWorkManager/LOADING]: Using 16 threads for parallel mod-loading
[07May2026 19:41:11.683] [main/DEBUG] [net.neoforged.fml.javafmlmod.FMLModContainer/LOADING]: Creating FMLModContainer instance for compacttools73 with entrypoints [xyz.quazaros.compacttools.CompactTools]
[07May2026 19:41:11.686] [main/DEBUG] [net.neoforged.fml.javafmlmod.FMLModContainer/LOADING]: Creating FMLModContainer instance for neoforge with entrypoints [net.neoforged.neoforge.common.NeoForgeMod, net.neoforged.neoforge.common.OnlyInWarningsHandler, net.neoforged.neoforge.client.ClientNeoForgeMod]
[07May2026 19:41:11.701] [modloading-worker-0/DEBUG] [net.neoforged.fml.javafmlmod.AutomaticEventSubscriber/LOADING]: Attempting to inject @EventBusSubscriber classes into the eventbus for compacttools73
[07May2026 19:41:11.705] [modloading-worker-0/INFO] [net.neoforged.neoforge.common.NeoForgeMod/NEOFORGE-MOD]: NeoForge mod loading, version 21.11.42, for MC 1.21.11
[07May2026 19:41:11.721] [modloading-worker-0/DEBUG] [net.neoforged.fml.config.ConfigTracker/CONFIG]: Config file neoforge-server.toml for neoforge tracking
[07May2026 19:41:11.721] [modloading-worker-0/DEBUG] [net.neoforged.fml.config.ConfigTracker/CONFIG]: Config file neoforge-common.toml for neoforge tracking
[07May2026 19:41:11.771] [modloading-worker-0/DEBUG] [net.neoforged.fml.config.ConfigTracker/CONFIG]: Config file neoforge-client.toml for neoforge tracking
[07May2026 19:41:11.782] [modloading-worker-0/DEBUG] [net.neoforged.fml.javafmlmod.AutomaticEventSubscriber/LOADING]: Attempting to inject @EventBusSubscriber classes into the eventbus for neoforge
[07May2026 19:41:11.782] [modloading-worker-0/DEBUG] [net.neoforged.fml.javafmlmod.AutomaticEventSubscriber/LOADING]: Scanning class net.neoforged.neoforge.attachment.AttachmentInternals for @SubscribeEvent-annotated methods
[07May2026 19:41:11.788] [modloading-worker-0/DEBUG] [net.neoforged.fml.javafmlmod.AutomaticEventSubscriber/LOADING]: Subscribing method public static void net.neoforged.neoforge.attachment.AttachmentInternals.onLivingConvert(net.neoforged.neoforge.event.entity.living.LivingConversionEvent$Post) to the game event bus
[07May2026 19:41:11.788] [modloading-worker-0/DEBUG] [net.neoforged.fml.javafmlmod.AutomaticEventSubscriber/LOADING]: Subscribing method public static void net.neoforged.neoforge.attachment.AttachmentInternals.onPlayerClone(net.neoforged.neoforge.event.entity.player.PlayerEvent$Clone) to the game event bus
[07May2026 19:41:11.788] [modloading-worker-0/DEBUG] [net.neoforged.fml.javafmlmod.AutomaticEventSubscriber/LOADING]: Scanning class net.neoforged.neoforge.attachment.AttachmentSync for @SubscribeEvent-annotated methods
[07May2026 19:41:11.788] [modloading-worker-0/DEBUG] [net.neoforged.fml.javafmlmod.AutomaticEventSubscriber/LOADING]: Subscribing method public static void net.neoforged.neoforge.attachment.AttachmentSync.onChunkSent(net.neoforged.neoforge.event.level.ChunkWatchEvent$Sent) to the game event bus
[07May2026 19:41:11.788] [modloading-worker-0/DEBUG] [net.neoforged.fml.javafmlmod.AutomaticEventSubscriber/LOADING]: Scanning class net.neoforged.neoforge.client.BlockEntityRenderBoundsDebugRenderer for @SubscribeEvent-annotated methods
[07May2026 19:41:11.794] [modloading-worker-0/DEBUG] [net.neoforged.fml.javafmlmod.AutomaticEventSubscriber/LOADING]: Subscribing method public static void net.neoforged.neoforge.client.BlockEntityRenderBoundsDebugRenderer.onRegisterClientCommands(net.neoforged.neoforge.client.event.RegisterClientCommandsEvent) to the game event bus
[07May2026 19:41:11.794] [modloading-worker-0/DEBUG] [net.neoforged.fml.javafmlmod.AutomaticEventSubscriber/LOADING]: Subscribing method public static void net.neoforged.neoforge.client.BlockEntityRenderBoundsDebugRenderer.onExtractLevelRenderState(net.neoforged.neoforge.client.event.ExtractLevelRenderStateEvent) to the game event bus
[07May2026 19:41:11.794] [modloading-worker-0/DEBUG] [net.neoforged.fml.javafmlmod.AutomaticEventSubscriber/LOADING]: Subscribing method public static void net.neoforged.neoforge.client.BlockEntityRenderBoundsDebugRenderer.onRenderLevelStage(net.neoforged.neoforge.client.event.RenderLevelStageEvent$AfterEntities) to the game event bus
[07May2026 19:41:11.796] [modloading-worker-0/DEBUG] [net.neoforged.fml.javafmlmod.AutomaticEventSubscriber/LOADING]: Scanning class net.neoforged.neoforge.client.NeoForgeRenderPipelines for @SubscribeEvent-annotated methods
[07May2026 19:41:11.804] [modloading-worker-0/DEBUG] [net.neoforged.fml.javafmlmod.AutomaticEventSubscriber/LOADING]: Subscribing method static void net.neoforged.neoforge.client.NeoForgeRenderPipelines.registerPipelines(net.neoforged.neoforge.client.event.RegisterRenderPipelinesEvent) to the event bus of mod neoforge
[07May2026 19:41:11.804] [modloading-worker-0/DEBUG] [net.neoforged.fml.javafmlmod.AutomaticEventSubscriber/LOADING]: Scanning class net.neoforged.neoforge.client.network.ClientPayloadHandler for @SubscribeEvent-annotated methods
[07May2026 19:41:11.804] [modloading-worker-0/DEBUG] [net.neoforged.fml.javafmlmod.AutomaticEventSubscriber/LOADING]: Subscribing method private static void net.neoforged.neoforge.client.network.ClientPayloadHandler.register(net.neoforged.neoforge.client.network.event.RegisterClientPayloadHandlersEvent) to the event bus of mod neoforge
[07May2026 19:41:11.804] [modloading-worker-0/DEBUG] [net.neoforged.fml.javafmlmod.AutomaticEventSubscriber/LOADING]: Scanning class net.neoforged.neoforge.common.MonsterRoomHooks for @SubscribeEvent-annotated methods
[07May2026 19:41:11.804] [modloading-worker-0/DEBUG] [net.neoforged.fml.javafmlmod.AutomaticEventSubscriber/LOADING]: Subscribing method public static void net.neoforged.neoforge.common.MonsterRoomHooks.onDataMapsUpdated(net.neoforged.neoforge.registries.datamaps.DataMapsUpdatedEvent) to the game event bus
[07May2026 19:41:11.804] [modloading-worker-0/DEBUG] [net.neoforged.fml.javafmlmod.AutomaticEventSubscriber/LOADING]: Scanning class net.neoforged.neoforge.model.data.ModelDataManager for @SubscribeEvent-annotated methods
[07May2026 19:41:11.820] [modloading-worker-0/DEBUG] [net.neoforged.fml.javafmlmod.AutomaticEventSubscriber/LOADING]: Subscribing method public static void net.neoforged.neoforge.model.data.ModelDataManager.onChunkUnload(net.neoforged.neoforge.event.level.ChunkEvent$Unload) to the game event bus
[07May2026 19:41:11.820] [modloading-worker-0/DEBUG] [net.neoforged.fml.javafmlmod.AutomaticEventSubscriber/LOADING]: Scanning class net.neoforged.neoforge.network.ConfigurationInitialization for @SubscribeEvent-annotated methods
[07May2026 19:41:11.820] [modloading-worker-0/DEBUG] [net.neoforged.fml.javafmlmod.AutomaticEventSubscriber/LOADING]: Subscribing method private static void net.neoforged.neoforge.network.ConfigurationInitialization.configureModdedClient(net.neoforged.neoforge.network.event.RegisterConfigurationTasksEvent) to the event bus of mod neoforge
[07May2026 19:41:11.820] [modloading-worker-0/DEBUG] [net.neoforged.fml.javafmlmod.AutomaticEventSubscriber/LOADING]: Scanning class net.neoforged.neoforge.network.NetworkInitialization for @SubscribeEvent-annotated methods
[07May2026 19:41:11.820] [modloading-worker-0/DEBUG] [net.neoforged.fml.javafmlmod.AutomaticEventSubscriber/LOADING]: Subscribing method private static void net.neoforged.neoforge.network.NetworkInitialization.register(net.neoforged.neoforge.network.event.RegisterPayloadHandlersEvent) to the event bus of mod neoforge
[07May2026 19:41:11.820] [modloading-worker-0/DEBUG] [net.neoforged.fml.javafmlmod.AutomaticEventSubscriber/LOADING]: Scanning class net.neoforged.neoforge.network.filters.GenericPacketSplitter for @SubscribeEvent-annotated methods
[07May2026 19:41:11.836] [modloading-worker-0/DEBUG] [io.netty.util.internal.PlatformDependent0/]: Java version: 21
[07May2026 19:41:11.836] [modloading-worker-0/DEBUG] [io.netty.util.internal.PlatformDependent0/]: -Dio.netty.noUnsafe: false
[07May2026 19:41:11.836] [modloading-worker-0/DEBUG] [io.netty.util.internal.PlatformDependent0/]: sun.misc.Unsafe.theUnsafe: available
[07May2026 19:41:11.836] [modloading-worker-0/DEBUG] [io.netty.util.internal.PlatformDependent0/]: sun.misc.Unsafe base methods: all available
[07May2026 19:41:11.836] [modloading-worker-0/DEBUG] [io.netty.util.internal.PlatformDependent0/]: java.nio.Buffer.address: available
[07May2026 19:41:11.836] [modloading-worker-0/DEBUG] [io.netty.util.internal.PlatformDependent0/]: direct buffer constructor: unavailable: Reflective setAccessible(true) disabled
[07May2026 19:41:11.836] [modloading-worker-0/DEBUG] [io.netty.util.internal.PlatformDependent0/]: java.nio.Bits.unaligned: available, true
[07May2026 19:41:11.836] [modloading-worker-0/DEBUG] [io.netty.util.internal.PlatformDependent0/]: jdk.internal.misc.Unsafe.allocateUninitializedArray(int): unavailable: symbolic reference class is not accessible: class jdk.internal.misc.Unsafe, from class io.netty.util.internal.PlatformDependent0 (unnamed module @1a0dcaa)
[07May2026 19:41:11.836] [modloading-worker-0/DEBUG] [io.netty.util.internal.PlatformDependent0/]: java.nio.DirectByteBuffer.<init>(long, {int,long}): unavailable
[07May2026 19:41:11.836] [modloading-worker-0/DEBUG] [io.netty.util.internal.PlatformDependent/]: sun.misc.Unsafe: available
[07May2026 19:41:11.836] [modloading-worker-0/DEBUG] [io.netty.util.internal.PlatformDependent/]: -Dio.netty.tmpdir: C:\Users\jakeb\AppData\Local\Temp (java.io.tmpdir)
[07May2026 19:41:11.836] [modloading-worker-0/DEBUG] [io.netty.util.internal.PlatformDependent/]: -Dio.netty.bitMode: 64 (sun.arch.data.model)
[07May2026 19:41:11.836] [modloading-worker-0/DEBUG] [io.netty.util.internal.PlatformDependent/]: Platform: Windows
[07May2026 19:41:11.836] [modloading-worker-0/DEBUG] [io.netty.util.internal.PlatformDependent/]: -Dio.netty.maxDirectMemory: -1 bytes
[07May2026 19:41:11.836] [modloading-worker-0/DEBUG] [io.netty.util.internal.CleanerJava9/]: java.nio.ByteBuffer.cleaner(): available
[07May2026 19:41:11.836] [modloading-worker-0/DEBUG] [io.netty.util.internal.PlatformDependent/]: -Dio.netty.noPreferDirect: false
[07May2026 19:41:11.836] [modloading-worker-0/DEBUG] [io.netty.util.internal.PlatformDependent/]: -Dio.netty.jfr.enabled: true
[07May2026 19:41:11.850] [modloading-worker-0/DEBUG] [io.netty.buffer.AbstractByteBuf/]: -Dio.netty.buffer.checkAccessible: true
[07May2026 19:41:11.850] [modloading-worker-0/DEBUG] [io.netty.buffer.AbstractByteBuf/]: -Dio.netty.buffer.checkBounds: true
[07May2026 19:41:11.850] [modloading-worker-0/DEBUG] [io.netty.util.ResourceLeakDetectorFactory/]: Loaded default ResourceLeakDetector: io.netty.util.ResourceLeakDetector@1fef713b
[07May2026 19:41:11.852] [modloading-worker-0/DEBUG] [io.netty.util.internal.InternalThreadLocalMap/]: -Dio.netty.threadLocalMap.stringBuilder.initialSize: 1024
[07May2026 19:41:11.852] [modloading-worker-0/DEBUG] [io.netty.util.internal.InternalThreadLocalMap/]: -Dio.netty.threadLocalMap.stringBuilder.maxSize: 4096
[07May2026 19:41:11.852] [modloading-worker-0/DEBUG] [io.netty.buffer.AdaptiveByteBufAllocator/]: -Dio.netty.allocator.useCachedMagazinesForNonEventLoopThreads: false
[07May2026 19:41:11.852] [modloading-worker-0/DEBUG] [io.netty.util.Recycler/]: -Dio.netty.recycler.maxCapacityPerThread: 4096
[07May2026 19:41:11.852] [modloading-worker-0/DEBUG] [io.netty.util.Recycler/]: -Dio.netty.recycler.ratio: 8
[07May2026 19:41:11.852] [modloading-worker-0/DEBUG] [io.netty.util.Recycler/]: -Dio.netty.recycler.chunkSize: 32
[07May2026 19:41:11.852] [modloading-worker-0/DEBUG] [io.netty.util.Recycler/]: -Dio.netty.recycler.blocking: false
[07May2026 19:41:11.852] [modloading-worker-0/DEBUG] [io.netty.util.Recycler/]: -Dio.netty.recycler.batchFastThreadLocalOnly: true
[07May2026 19:41:11.868] [modloading-worker-0/DEBUG] [io.netty.buffer.ByteBufUtil/]: -Dio.netty.allocator.type: adaptive
[07May2026 19:41:11.869] [modloading-worker-0/DEBUG] [io.netty.buffer.ByteBufUtil/]: -Dio.netty.threadLocalDirectBufferSize: 0
[07May2026 19:41:11.869] [modloading-worker-0/DEBUG] [io.netty.buffer.ByteBufUtil/]: -Dio.netty.maxThreadLocalCharBufferSize: 16384
[07May2026 19:41:11.873] [modloading-worker-0/DEBUG] [net.neoforged.fml.javafmlmod.AutomaticEventSubscriber/LOADING]: Subscribing method private static void net.neoforged.neoforge.network.filters.GenericPacketSplitter.register(net.neoforged.neoforge.network.event.RegisterPayloadHandlersEvent) to the event bus of mod neoforge
[07May2026 19:41:11.992] [modloading-sync-worker/DEBUG] [net.neoforged.fml.config.ConfigTracker/CONFIG]: Loading configs type CLIENT
[07May2026 19:41:11.992] [modloading-sync-worker/DEBUG] [net.neoforged.neoforge.common.NeoForgeMod/FORGEMOD]: Loaded NeoForge config file neoforge-client.toml
[07May2026 19:41:11.992] [modloading-sync-worker/DEBUG] [net.neoforged.fml.config.ConfigTracker/CONFIG]: Loaded TOML config file E:\IMPORTANT\Files\Coding\Projects\Minecraft Mods\Mods\CompactToolsNew\Neo-Forge\1.21.11\run\config\neoforge-client.toml
[07May2026 19:41:12.008] [modloading-sync-worker/DEBUG] [net.neoforged.fml.config.ConfigTracker/CONFIG]: Watching TOML config file E:\IMPORTANT\Files\Coding\Projects\Minecraft Mods\Mods\CompactToolsNew\Neo-Forge\1.21.11\run\config\neoforge-client.toml for changes
[07May2026 19:41:12.008] [modloading-sync-worker/DEBUG] [net.neoforged.fml.config.ConfigTracker/CONFIG]: Loading configs type COMMON
[07May2026 19:41:12.008] [modloading-sync-worker/DEBUG] [net.neoforged.neoforge.common.NeoForgeMod/FORGEMOD]: Loaded NeoForge config file neoforge-common.toml
[07May2026 19:41:12.008] [modloading-sync-worker/DEBUG] [net.neoforged.fml.config.ConfigTracker/CONFIG]: Loaded TOML config file E:\IMPORTANT\Files\Coding\Projects\Minecraft Mods\Mods\CompactToolsNew\Neo-Forge\1.21.11\run\config\neoforge-common.toml
[07May2026 19:41:12.008] [modloading-sync-worker/DEBUG] [net.neoforged.fml.config.ConfigTracker/CONFIG]: Watching TOML config file E:\IMPORTANT\Files\Coding\Projects\Minecraft Mods\Mods\CompactToolsNew\Neo-Forge\1.21.11\run\config\neoforge-common.toml for changes
[07May2026 19:41:12.144] [Render thread/INFO] [com.mojang.authlib.yggdrasil.YggdrasilAuthenticationService/]: Environment: Environment[sessionHost=https://sessionserver.mojang.com, servicesHost=https://api.minecraftservices.com, profilesHost=https://api.mojang.com, name=PROD]
[07May2026 19:41:12.153] [Render thread/INFO] [net.minecraft.client.Minecraft/]: Setting user: Dev
[07May2026 19:41:12.224] [Render thread/INFO] [net.minecraft.client.Minecraft/]: Backend library: LWJGL version 3.3.3+5
[07May2026 19:41:12.361] [Render thread/INFO] [net.minecraft.client.Minecraft/]: Using optional rendering extensions: GL_ARB_buffer_storage, GL_KHR_debug, GL_ARB_vertex_attrib_binding, GL_ARB_direct_state_access, GL_EXT_texture_filter_anisotropic
[07May2026 19:41:12.848] [Render thread/INFO] [net.minecraft.server.packs.resources.ReloadableResourceManager/]: Reloading ResourceManager: vanilla, mod_resources, mod/compacttools73, mod/neoforge
[07May2026 19:41:13.021] [Render thread/DEBUG] [net.neoforged.fml.DeferredWorkQueue/LOADING]: Dispatching synchronous work for work queue Common setup: 1 jobs
[07May2026 19:41:13.025] [Render thread/DEBUG] [net.neoforged.fml.DeferredWorkQueue/LOADING]: Synchronous work queue completed in 2.830 ms
[07May2026 19:41:13.112] [resourceLoad/INFO] [net.minecraft.client.gui.font.providers.UnihexProvider/]: Found unifont_all_no_pua-17.0.01.hex, loading
[07May2026 19:41:13.113] [resourceLoad/INFO] [net.minecraft.client.gui.font.providers.UnihexProvider/]: Found unifont_pua-17.0.01.hex, loading
[07May2026 19:41:13.236] [resourceLoad/INFO] [net.minecraft.client.gui.font.providers.UnihexProvider/]: Found unifont_jp_patch-17.0.01.hex, loading
[07May2026 19:41:14.120] [Render thread/INFO] [com.mojang.blaze3d.audio.Library/]: OpenAL initialized on device OpenAL Soft on Headphones (S58)
[07May2026 19:41:14.121] [Render thread/INFO] [net.minecraft.client.sounds.SoundEngine/SOUNDS]: Sound engine started
[07May2026 19:41:14.121] [Render thread/INFO] [net.minecraft.client.renderer.texture.TextureAtlas/]: Created: 512x256x0 minecraft:textures/atlas/particles.png-atlas
[07May2026 19:41:14.137] [Render thread/INFO] [net.minecraft.client.renderer.texture.TextureAtlas/]: Created: 128x128x0 minecraft:textures/atlas/decorated_pot.png-atlas
[07May2026 19:41:14.140] [Render thread/INFO] [net.minecraft.client.renderer.texture.TextureAtlas/]: Created: 2048x1024x0 minecraft:textures/atlas/armor_trims.png-atlas
[07May2026 19:41:14.152] [Render thread/INFO] [net.minecraft.client.renderer.texture.TextureAtlas/]: Created: 512x256x0 minecraft:textures/atlas/paintings.png-atlas
[07May2026 19:41:14.168] [Render thread/INFO] [net.minecraft.client.renderer.texture.TextureAtlas/]: Created: 1024x512x0 minecraft:textures/atlas/shield_patterns.png-atlas
[07May2026 19:41:14.169] [Render thread/INFO] [net.minecraft.client.renderer.texture.TextureAtlas/]: Created: 2048x2048x4 minecraft:textures/atlas/blocks.png-atlas
[07May2026 19:41:14.221] [Render thread/INFO] [net.minecraft.client.renderer.texture.TextureAtlas/]: Created: 512x512x0 minecraft:textures/atlas/chest.png-atlas
[07May2026 19:41:14.232] [Render thread/INFO] [net.minecraft.client.renderer.texture.TextureAtlas/]: Created: 256x128x0 minecraft:textures/atlas/celestials.png-atlas
[07May2026 19:41:14.233] [Render thread/INFO] [net.minecraft.client.renderer.texture.TextureAtlas/]: Created: 1024x512x0 minecraft:textures/atlas/banner_patterns.png-atlas
[07May2026 19:41:14.234] [Render thread/INFO] [net.minecraft.client.renderer.texture.TextureAtlas/]: Created: 512x512x0 minecraft:textures/atlas/beds.png-atlas
[07May2026 19:41:14.237] [Render thread/INFO] [net.minecraft.client.renderer.texture.TextureAtlas/]: Created: 1024x512x0 minecraft:textures/atlas/items.png-atlas
[07May2026 19:41:14.245] [Render thread/INFO] [net.minecraft.client.renderer.texture.TextureAtlas/]: Created: 1024x1024x0 minecraft:textures/atlas/gui.png-atlas
[07May2026 19:41:14.262] [Render thread/INFO] [net.minecraft.client.renderer.texture.TextureAtlas/]: Created: 128x64x0 minecraft:textures/atlas/map_decorations.png-atlas
[07May2026 19:41:14.273] [Render thread/INFO] [net.minecraft.client.renderer.texture.TextureAtlas/]: Created: 512x256x0 minecraft:textures/atlas/signs.png-atlas
[07May2026 19:41:14.274] [Render thread/INFO] [net.minecraft.client.renderer.texture.TextureAtlas/]: Created: 512x512x0 minecraft:textures/atlas/shulker_boxes.png-atlas
[07May2026 19:41:14.369] [Render thread/INFO] [net.neoforged.neoforge.client.entity.animation.json.AnimationLoader/]: Loaded 0 entity animations
[07May2026 19:41:14.506] [Render thread/DEBUG] [net.neoforged.fml.classloading.transformation.ClassTransformStatistics/]: Transformed/total loaded classes: 382/7129 (5.36%) and 5 parsed for mixin
[07May2026 19:41:23.433] [Render thread/WARN] [net.minecraft.server.MinecraftServer/]: Missing data pack tests
[07May2026 19:41:25.100] [Render thread/INFO] [net.minecraft.world.item.crafting.RecipeManager/]: Loaded 1477 recipes
[07May2026 19:41:25.108] [Render thread/INFO] [net.minecraft.advancements.AdvancementTree/]: Loaded 1584 advancements
[07May2026 19:41:25.110] [Render thread/INFO] [net.neoforged.neoforge.common.crafting.RecipePriorityManager/]: Loaded 0 recipe priority overrides
[07May2026 19:41:26.172] [Render thread/WARN] [net.minecraft.server.MinecraftServer/]: Missing data pack tests
[07May2026 19:41:27.445] [Render thread/INFO] [net.minecraft.world.item.crafting.RecipeManager/]: Loaded 1477 recipes
[07May2026 19:41:27.450] [Render thread/INFO] [net.minecraft.advancements.AdvancementTree/]: Loaded 1584 advancements
[07May2026 19:41:27.450] [Render thread/INFO] [net.neoforged.neoforge.common.crafting.RecipePriorityManager/]: Loaded 0 recipe priority overrides
[07May2026 19:41:29.246] [Render thread/DEBUG] [net.neoforged.neoforge.common.CommonHooks/WP]: Gathered mod list to write to world save New World
[07May2026 19:41:29.313] [Server thread/INFO] [net.minecraft.client.server.IntegratedServer/]: Starting integrated minecraft server version 1.21.11
[07May2026 19:41:29.313] [Server thread/INFO] [net.minecraft.server.MinecraftServer/]: Generating keypair
[07May2026 19:41:29.387] [Server thread/DEBUG] [net.neoforged.fml.config.ConfigTracker/CONFIG]: Loading configs type SERVER
[07May2026 19:41:29.389] [Server thread/DEBUG] [net.neoforged.neoforge.common.NeoForgeMod/FORGEMOD]: Loaded NeoForge config file neoforge-server.toml
[07May2026 19:41:29.389] [Server thread/DEBUG] [net.neoforged.fml.config.ConfigTracker/CONFIG]: Loaded TOML config file E:\IMPORTANT\Files\Coding\Projects\Minecraft Mods\Mods\CompactToolsNew\Neo-Forge\1.21.11\run\config\neoforge-server.toml
[07May2026 19:41:29.389] [Server thread/DEBUG] [net.neoforged.fml.config.ConfigTracker/CONFIG]: Watching TOML config file E:\IMPORTANT\Files\Coding\Projects\Minecraft Mods\Mods\CompactToolsNew\Neo-Forge\1.21.11\run\config\neoforge-server.toml for changes
[07May2026 19:41:29.546] [Server thread/INFO] [net.minecraft.server.level.progress.LoggingLevelLoadListener/]: Selecting global world spawn...
[07May2026 19:41:29.925] [Server thread/INFO] [net.minecraft.server.level.progress.LoggingLevelLoadListener/]: Loading 0 persistent chunks...
[07May2026 19:41:29.925] [Server thread/INFO] [net.minecraft.server.level.progress.LoggingLevelLoadListener/]: Preparing spawn area: 16%
[07May2026 19:41:29.930] [Server thread/INFO] [net.neoforged.neoforge.server.permission.PermissionAPI/]: Successfully initialized permission handler neoforge:default_handler
[07May2026 19:41:30.010] [Render thread/DEBUG] [io.netty.channel.MultithreadEventLoopGroup/]: -Dio.netty.eventLoopThreads: 32
[07May2026 19:41:30.019] [Render thread/DEBUG] [io.netty.util.concurrent.GlobalEventExecutor/]: -Dio.netty.globalEventExecutor.quietPeriodSeconds: 1
[07May2026 19:41:30.027] [Render thread/DEBUG] [io.netty.util.internal.PlatformDependent/]: org.jctools-core.MpscChunkedArrayQueue: available
[07May2026 19:41:30.035] [Render thread/DEBUG] [io.netty.channel.DefaultChannelId/]: -Dio.netty.processId: 89628 (auto-detected)
[07May2026 19:41:30.037] [Render thread/DEBUG] [io.netty.util.NetUtil/]: -Djava.net.preferIPv4Stack: false
[07May2026 19:41:30.037] [Render thread/DEBUG] [io.netty.util.NetUtil/]: -Djava.net.preferIPv6Addresses: system
[07May2026 19:41:30.039] [Render thread/DEBUG] [io.netty.util.NetUtilInitializations/]: Loopback interface: loopback_0 (Software Loopback Interface 1, 0:0:0:0:0:0:0:1)
[07May2026 19:41:30.039] [Render thread/DEBUG] [io.netty.util.NetUtil/]: Failed to get SOMAXCONN from sysctl and file \proc\sys\net\core\somaxconn. Default: 200
[07May2026 19:41:30.040] [Render thread/DEBUG] [io.netty.channel.DefaultChannelId/]: -Dio.netty.machineId: 00:1a:7d:ff:fe:da:71:13 (auto-detected)
[07May2026 19:41:30.051] [Render thread/DEBUG] [io.netty.bootstrap.ChannelInitializerExtensions/]: -Dio.netty.bootstrap.extensions: null
[07May2026 19:41:30.176] [Netty Local IO #1/DEBUG] [net.neoforged.neoforge.network.filters.NetworkFilters/]: Injected net.neoforged.neoforge.network.filters.GenericPacketSplitter@15775487 into net.minecraft.network.Connection@40ab31e8
[07May2026 19:41:30.180] [Netty Local IO #0/DEBUG] [net.neoforged.neoforge.network.filters.NetworkFilters/]: Injected net.neoforged.neoforge.network.filters.GenericPacketSplitter@38d554f0 into net.minecraft.network.Connection@25d82cc5
[07May2026 19:41:30.491] [Server thread/INFO] [net.minecraft.server.level.progress.LoggingLevelLoadListener/]: Loading 47 chunks for player spawn...
[07May2026 19:41:30.491] [Server thread/INFO] [net.minecraft.server.level.progress.LoggingLevelLoadListener/]: Preparing spawn area: 16%
[07May2026 19:41:30.582] [Server thread/INFO] [net.minecraft.server.level.progress.LoggingLevelLoadListener/]: Preparing spawn area: 29%
[07May2026 19:41:30.783] [Server thread/INFO] [net.minecraft.server.level.progress.LoggingLevelLoadListener/]: Time elapsed: 1236 ms
[07May2026 19:41:30.984] [Netty Local IO #1/DEBUG] [net.neoforged.neoforge.network.filters.NetworkFilters/]: Injected net.neoforged.neoforge.network.filters.GenericPacketSplitter@1f0d26f2 into net.minecraft.network.Connection@40ab31e8
[07May2026 19:41:31.031] [Server thread/INFO] [net.minecraft.server.players.PlayerList/]: Dev[local:E:f3b10c68] logged in with entity id 1 at (3.5, 56.0, -8.5)
[07May2026 19:41:31.043] [Server thread/DEBUG] [net.neoforged.neoforge.common.CommonHooks/]: Sending 0 recipes of the following types: []
[07May2026 19:41:31.070] [Server thread/INFO] [net.minecraft.server.MinecraftServer/]: Dev joined the game
[07May2026 19:41:31.182] [Render thread/WARN] [net.minecraft.client.multiplayer.ClientPacketListener/]: Ignoring chat session from Dev due to missing Services public key
[07May2026 19:41:31.186] [Render thread/INFO] [net.minecraft.advancements.AdvancementTree/]: Loaded 2 advancements
[07May2026 19:41:31.197] [Server thread/INFO] [net.minecraft.client.server.IntegratedServer/]: Changing view distance to 16, from 10
[07May2026 19:41:31.199] [Server thread/INFO] [net.minecraft.client.server.IntegratedServer/]: Changing simulation distance to 12, from 0
[07May2026 19:41:31.237] [Render thread/INFO] [net.minecraft.client.renderer.DynamicUniformStorage/]: Resizing Dynamic Transforms UBO, capacity limit of 2 reached during a single frame. New capacity will be 4.
[07May2026 19:41:31.337] [Render thread/INFO] [net.minecraft.client.renderer.DynamicUniformStorage/]: Resizing Dynamic Transforms UBO, capacity limit of 4 reached during a single frame. New capacity will be 8.
[07May2026 19:41:31.458] [Render thread/INFO] [net.minecraft.client.renderer.DynamicUniformStorage/]: Resizing Chunk Sections UBO, capacity limit of 2 reached during a single frame. New capacity will be 8.
[07May2026 19:41:31.488] [Render thread/INFO] [net.minecraft.client.renderer.DynamicUniformStorage/]: Resizing Chunk Sections UBO, capacity limit of 8 reached during a single frame. New capacity will be 16.
[07May2026 19:41:31.526] [Render thread/INFO] [net.minecraft.client.renderer.DynamicUniformStorage/]: Resizing Chunk Sections UBO, capacity limit of 16 reached during a single frame. New capacity will be 32.
[07May2026 19:41:31.995] [Render thread/INFO] [net.minecraft.client.renderer.DynamicUniformStorage/]: Resizing Chunk Sections UBO, capacity limit of 32 reached during a single frame. New capacity will be 64.
[07May2026 19:41:32.646] [Render thread/INFO] [net.minecraft.client.renderer.DynamicUniformStorage/]: Resizing Chunk Sections UBO, capacity limit of 64 reached during a single frame. New capacity will be 128.
[07May2026 19:41:33.603] [Render thread/INFO] [net.minecraft.client.renderer.DynamicUniformStorage/]: Resizing Chunk Sections UBO, capacity limit of 128 reached during a single frame. New capacity will be 256.
[07May2026 19:41:35.653] [Render thread/INFO] [net.minecraft.client.renderer.DynamicUniformStorage/]: Resizing Chunk Sections UBO, capacity limit of 256 reached during a single frame. New capacity will be 512.
[07May2026 19:41:42.500] [Render thread/INFO] [net.minecraft.client.renderer.DynamicUniformStorage/]: Resizing Dynamic Transforms UBO, capacity limit of 8 reached during a single frame. New capacity will be 16.
[07May2026 19:41:46.645] [Render thread/INFO] [net.minecraft.advancements.AdvancementTree/]: Loaded 5 advancements
[07May2026 19:41:50.146] [Render thread/INFO] [net.minecraft.advancements.AdvancementTree/]: Loaded 13 advancements
[07May2026 19:42:00.586] [Render thread/INFO] [net.minecraft.advancements.AdvancementTree/]: Loaded 26 advancements
[07May2026 19:42:01.590] [Render thread/INFO] [net.minecraft.advancements.AdvancementTree/]: Loaded 27 advancements
[07May2026 19:42:11.833] [Server thread/INFO] [net.minecraft.server.MinecraftServer/]: Dev has made the advancement [Diamonds!]
[07May2026 19:42:11.847] [Render thread/INFO] [net.minecraft.client.gui.components.ChatComponent/]: [System] [CHAT] Dev has made the advancement [Diamonds!]
[07May2026 19:42:11.849] [Render thread/INFO] [net.minecraft.advancements.AdvancementTree/]: Loaded 44 advancements
[07May2026 19:42:27.433] [Server thread/INFO] [net.minecraft.server.MinecraftServer/]: Dev has made the advancement [Enchanter]
[07May2026 19:42:27.435] [Render thread/INFO] [net.minecraft.client.gui.components.ChatComponent/]: [System] [CHAT] Dev has made the advancement [Enchanter]
[07May2026 19:42:27.435] [Render thread/INFO] [net.minecraft.advancements.AdvancementTree/]: Loaded 44 advancements
[07May2026 19:42:31.532] [Server thread/INFO] [net.minecraft.server.MinecraftServer/]: [Dev: Set own game mode to Survival Mode]
[07May2026 19:42:31.540] [Render thread/INFO] [net.minecraft.client.gui.components.ChatComponent/]: [System] [CHAT] Set own game mode to Survival Mode
[07May2026 19:42:33.149] [Render thread/INFO] [net.minecraft.client.renderer.DynamicUniformStorage/]: Resizing Dynamic Transforms UBO, capacity limit of 16 reached during a single frame. New capacity will be 32.
[07May2026 19:42:33.188] [Render thread/INFO] [net.minecraft.advancements.AdvancementTree/]: Loaded 55 advancements
[07May2026 19:42:47.297] [Server thread/INFO] [net.minecraft.server.MinecraftServer/]: [Dev: Gave 1 [Wooden Tool] to Dev]
[07May2026 19:42:47.305] [Render thread/INFO] [net.minecraft.client.gui.components.ChatComponent/]: [System] [CHAT] Gave 1 [Wooden Tool] to Dev
[07May2026 19:42:53.083] [Server thread/INFO] [net.minecraft.client.server.IntegratedServer/]: Saving and pausing game...
[07May2026 19:42:53.140] [Server thread/INFO] [net.minecraft.server.MinecraftServer/]: Saving chunks for level 'ServerLevel[New World]'/minecraft:overworld
[07May2026 19:42:53.149] [Server thread/INFO] [net.minecraft.server.MinecraftServer/]: Saving chunks for level 'ServerLevel[New World]'/minecraft:the_end
[07May2026 19:42:53.150] [Server thread/INFO] [net.minecraft.server.MinecraftServer/]: Saving chunks for level 'ServerLevel[New World]'/minecraft:the_nether
[07May2026 19:42:53.155] [Server thread/DEBUG] [net.neoforged.neoforge.common.CommonHooks/WP]: Gathered mod list to write to world save New World
[07May2026 19:42:53.616] [Server thread/INFO] [net.minecraft.server.network.ServerGamePacketListenerImpl/]: Dev lost connection: Disconnected
[07May2026 19:42:53.616] [Server thread/INFO] [net.minecraft.server.MinecraftServer/]: Dev left the game
[07May2026 19:42:53.641] [Server thread/INFO] [net.minecraft.server.network.ServerCommonPacketListenerImpl/]: Stopping singleplayer server as player logged out
[07May2026 19:42:53.651] [Server thread/INFO] [net.minecraft.server.MinecraftServer/]: Stopping server
[07May2026 19:42:53.651] [Server thread/INFO] [net.minecraft.server.MinecraftServer/]: Saving players
[07May2026 19:42:53.651] [Server thread/INFO] [net.minecraft.server.MinecraftServer/]: Saving worlds
[07May2026 19:42:56.878] [Server thread/INFO] [net.minecraft.server.MinecraftServer/]: Saving chunks for level 'ServerLevel[New World]'/minecraft:overworld
[07May2026 19:42:57.136] [Server thread/INFO] [net.minecraft.server.MinecraftServer/]: Saving chunks for level 'ServerLevel[New World]'/minecraft:the_end
[07May2026 19:42:57.205] [Server thread/INFO] [net.minecraft.server.MinecraftServer/]: Saving chunks for level 'ServerLevel[New World]'/minecraft:the_nether
[07May2026 19:42:57.277] [Server thread/DEBUG] [net.neoforged.neoforge.common.CommonHooks/WP]: Gathered mod list to write to world save New World
[07May2026 19:42:57.299] [Server thread/INFO] [net.minecraft.server.MinecraftServer/]: ThreadedAnvilChunkStorage (New World): All chunks are saved
[07May2026 19:42:57.300] [Server thread/INFO] [net.minecraft.server.MinecraftServer/]: ThreadedAnvilChunkStorage (DIM1): All chunks are saved
[07May2026 19:42:57.300] [Server thread/INFO] [net.minecraft.server.MinecraftServer/]: ThreadedAnvilChunkStorage (DIM-1): All chunks are saved
[07May2026 19:42:57.300] [Server thread/INFO] [net.minecraft.server.MinecraftServer/]: ThreadedAnvilChunkStorage: All dimensions are saved
[07May2026 19:42:57.749] [Server thread/DEBUG] [net.neoforged.fml.config.ConfigTracker/CONFIG]: Unloading configs type SERVER
[07May2026 19:42:58.451] [Render thread/DEBUG] [net.neoforged.fml.classloading.transformation.ClassTransformStatistics/]: Transformed/total loaded classes: 422/8860 (4.76%) and 5 parsed for mixin
[07May2026 19:42:58.455] [Render thread/INFO] [net.minecraft.client.Minecraft/]: Stopping!
