[07May2026 19:51:03.337] [main/INFO] [net.neoforged.fml.startup.Entrypoint/]: JVM Uptime at startup: 195ms
[07May2026 19:51:03.353] [main/INFO] [net.neoforged.fml.loading.FMLLoader/]: Starting FancyModLoader version 11.0.5 (CLIENT in DEV)
[07May2026 19:51:03.354] [main/INFO] [net.neoforged.fml.loading.FMLLoader/]: Game directory: E:\IMPORTANT\Files\Coding\Projects\Minecraft Mods\Mods\CompactToolsNew\Neo-Forge\26.1\run\client
[07May2026 19:51:03.406] [main/INFO] [net.neoforged.fml.loading.EarlyServiceDiscovery/]: Found 2 early service jars (out of 111) in 22ms
[07May2026 19:51:03.406] [main/INFO] [net.neoforged.fml.loading.FMLLoader/]: Loading FML Early Services:
[07May2026 19:51:03.406] [main/INFO] [net.neoforged.fml.loading.FMLLoader/]:  - C:/Users/jakeb/.gradle/caches/modules-2/files-2.1/net.neoforged.fancymodloader/loader/11.0.5/3477e70d79fe8cd06962749f24e64f01edda3bb3/loader-11.0.5.jar
[07May2026 19:51:03.408] [main/INFO] [net.neoforged.fml.loading.FMLLoader/]:  - C:/Users/jakeb/.gradle/caches/modules-2/files-2.1/net.neoforged.fancymodloader/earlydisplay/11.0.5/b2edeab4008c91772d61f8f98a5253a09a4e890d/earlydisplay-11.0.5.jar
[07May2026 19:51:03.412] [main/INFO] [net.neoforged.fml.loading.ImmediateWindowHandler/]: Loading ImmediateWindowProvider fmlearlywindow
[07May2026 19:51:03.966] [ForkJoinPool.commonPool-worker-14/INFO] [net.neoforged.fml.loading.moddiscovery.locators.GameLocator/]: Detected a joined NeoForge and Minecraft configuration. Applying filtering...
[07May2026 19:51:04.030] [ForkJoinPool.commonPool-worker-14/INFO] [net.neoforged.fml.loading.moddiscovery.locators.InDevFolderLocator/CORE]: Got mod coordinates NeoForge-26.1%%E:\IMPORTANT\Files\Coding\Projects\Minecraft Mods\Mods\CompactToolsNew\Neo-Forge\26.1\build\resources\main;NeoForge-26.1%%E:\IMPORTANT\Files\Coding\Projects\Minecraft Mods\Mods\CompactToolsNew\Neo-Forge\26.1\build\classes\java\main from env
[07May2026 19:51:04.034] [fml-loadingscreen/INFO] [net.neoforged.fml.earlydisplay.render.LoadingScreenRenderer/]: GL info: NVIDIA GeForce RTX 2060/PCIe/SSE2 GL version 3.3.0 NVIDIA 591.86, NVIDIA Corporation
[07May2026 19:51:04.151] [ForkJoinPool.commonPool-worker-14/WARN] [net.neoforged.jarjar.selection.JarSelector/]: Attempted to select a dependency jar for JarJar which was passed in as source: library:mixinextras.neoforge. Using jar(C:/Users/jakeb/.gradle/caches/modules-2/files-2.1/io.github.llamalad7/mixinextras-neoforge/0.5.3/a0919957808de97707c5fb4ce073e66aeef3e187/mixinextras-neoforge-0.5.3.jar)
[07May2026 19:51:04.151] [ForkJoinPool.commonPool-worker-14/INFO] [net.neoforged.fml.loading.moddiscovery.locators.JarInJarDependencyLocator/]: Found 1 dependencies adding them to mods collection
[07May2026 19:51:04.152] [ForkJoinPool.commonPool-worker-14/INFO] [net.neoforged.fml.loading.moddiscovery.ModDiscoverer/]: 
     Mod List:
		Name Version (Mod Id)

		Compact Tools 2.0.0 (compacttools73)
		Minecraft 26.1.1 (minecraft)
		NeoForge 26.1.1.15-beta (neoforge)
[07May2026 19:51:04.376] [main/INFO] [mixin/]: SpongePowered MIXIN Subsystem Version=0.8.7 Source=file:/C:/Users/jakeb/.gradle/caches/modules-2/files-2.1/net.fabricmc/sponge-mixin/0.17.0+mixin.0.8.7/cf31463202f72d03b0ef1e1e38e8ee71b7faaab6/sponge-mixin-0.17.0+mixin.0.8.7.jar Service=FML Env=CLIENT
[07May2026 19:51:04.406] [main/INFO] [net.neoforged.fml.loading.FMLLoader/]: Loading FML Plugins:
[07May2026 19:51:04.407] [main/INFO] [net.neoforged.fml.loading.FMLLoader/]:  - C:/Users/jakeb/.gradle/caches/modules-2/files-2.1/net.neoforged/neoforge/26.1.1.15-beta/323b8c91d3007b84edac8ff1d71662c2daded399/neoforge-26.1.1.15-beta-universal.jar > net.neoforged.neoforge-coremods-26.1.1.15-beta.jar
[07May2026 19:51:04.478] [main/INFO] [net.neoforged.fml.loading.FMLLoader/]: Building game content classloader:
 - compacttools73 (composite(folder(E:/IMPORTANT/Files/Coding/Projects/Minecraft Mods/Mods/CompactToolsNew/Neo-Forge/26.1/build/resources/main), folder(E:/IMPORTANT/Files/Coding/Projects/Minecraft Mods/Mods/CompactToolsNew/Neo-Forge/26.1/build/classes/java/main)))
 - minecraft (composite(filtered(jar(E:/IMPORTANT/Files/Coding/Projects/Minecraft Mods/Mods/CompactToolsNew/Neo-Forge/26.1/.gradle/repositories/ng_dummy_ng/net/neoforged/neoforge/26.1.1.15-beta/neoforge-26.1.1.15-beta.jar)), filtered(jar(E:/IMPORTANT/Files/Coding/Projects/Minecraft Mods/Mods/CompactToolsNew/Neo-Forge/26.1/.gradle/repositories/ng_dummy_ng/net/neoforged/neoforge/26.1.1.15-beta/neoforge-26.1.1.15-beta.jar))))
 - mixinextras.neoforge (jar(C:/Users/jakeb/.gradle/caches/modules-2/files-2.1/io.github.llamalad7/mixinextras-neoforge/0.5.3/a0919957808de97707c5fb4ce073e66aeef3e187/mixinextras-neoforge-0.5.3.jar))
 - neoforge (composite(filtered(jar(C:/Users/jakeb/.gradle/caches/modules-2/files-2.1/net.neoforged/neoforge/26.1.1.15-beta/323b8c91d3007b84edac8ff1d71662c2daded399/neoforge-26.1.1.15-beta-universal.jar))))
 - net.neoforged.fml.generated (empty(VirtualJar/net.neoforged.fml.generated))
[07May2026 19:51:04.486] [main/INFO] [net.neoforged.fml.loading.FMLLoader/]: Built game content classloader in 15ms
[07May2026 19:51:05.476] [Datafixer Bootstrap/INFO] [com.mojang.datafixers.DataFixerBuilder/]: 294 Datafixer optimizations took 256 milliseconds
[07May2026 19:51:05.618] [pool-8-thread-1/INFO] [MixinExtras|Service/]: Initializing MixinExtras via com.llamalad7.mixinextras.service.MixinExtrasServiceImpl(version=0.5.3).
[07May2026 19:51:08.881] [main/WARN] [net.minecraft.commands.Commands/]: Ambiguity between arguments [teleport, location] and [teleport, destination] with inputs: [0.1 -0.5 .9, 0 0 0]
[07May2026 19:51:08.882] [main/WARN] [net.minecraft.commands.Commands/]: Ambiguity between arguments [teleport, location] and [teleport, targets] with inputs: [0.1 -0.5 .9, 0 0 0]
[07May2026 19:51:08.884] [main/WARN] [net.minecraft.commands.Commands/]: Ambiguity between arguments [teleport, destination] and [teleport, targets] with inputs: [Player, 0123, @e, dd12be42-52a9-4a91-a8a1-11c01849e498]
[07May2026 19:51:08.885] [main/WARN] [net.minecraft.commands.Commands/]: Ambiguity between arguments [teleport, targets] and [teleport, destination] with inputs: [Player, 0123, dd12be42-52a9-4a91-a8a1-11c01849e498]
[07May2026 19:51:08.886] [main/WARN] [net.minecraft.commands.Commands/]: Ambiguity between arguments [teleport, targets, location] and [teleport, targets, destination] with inputs: [0.1 -0.5 .9, 0 0 0]
[07May2026 19:51:08.887] [main/WARN] [net.minecraft.commands.Commands/]: Ambiguity between arguments [time, set, time] and [time, set, timemarker] with inputs: [0, 0s, 0d, 0t]
[07May2026 19:51:08.888] [main/WARN] [net.minecraft.commands.Commands/]: Ambiguity between arguments [time, set, timemarker] and [time, set, time] with inputs: [012]
[07May2026 19:51:08.889] [main/WARN] [net.minecraft.commands.Commands/]: Ambiguity between arguments [time, of, clock, set, time] and [time, of, clock, set, timemarker] with inputs: [0, 0s, 0d, 0t]
[07May2026 19:51:08.890] [main/WARN] [net.minecraft.commands.Commands/]: Ambiguity between arguments [time, of, clock, set, timemarker] and [time, of, clock, set, time] with inputs: [012]
[07May2026 19:51:08.890] [main/WARN] [net.minecraft.commands.Commands/]: Ambiguity between arguments [waypoint, modify, waypoint, color, reset] and [waypoint, modify, waypoint, color, color] with inputs: [reset]
[07May2026 19:51:08.942] [modloading-worker-0/INFO] [net.neoforged.neoforge.common.NeoForgeMod/NEOFORGE-MOD]: NeoForge mod loading, version 26.1.1.15-beta, for MC 26.1.1
[07May2026 19:51:09.501] [Render thread/INFO] [com.mojang.authlib.yggdrasil.YggdrasilAuthenticationService/]: Environment: Environment[sessionHost=https://sessionserver.mojang.com, servicesHost=https://api.minecraftservices.com, profilesHost=https://api.mojang.com, name=PROD]
[07May2026 19:51:09.509] [Render thread/INFO] [net.minecraft.client.Minecraft/]: Setting user: Dev
[07May2026 19:51:09.574] [Render thread/INFO] [net.minecraft.client.Minecraft/]: Backend library: LWJGL version 3.4.1+2
[07May2026 19:51:09.713] [Render thread/INFO] [net.minecraft.client.Minecraft/]: Using optional rendering extensions: GL_ARB_buffer_storage, GL_KHR_debug, GL_ARB_vertex_attrib_binding, GL_ARB_direct_state_access, GL_EXT_texture_filter_anisotropic
[07May2026 19:51:10.172] [Render thread/INFO] [net.minecraft.server.packs.resources.ReloadableResourceManager/]: Reloading ResourceManager: vanilla, mod_resources, mod/compacttools73, mod/neoforge
[07May2026 19:51:10.338] [resourceLoad/INFO] [net.minecraft.client.gui.font.providers.UnihexProvider/]: Found unifont_all_no_pua-17.0.01.hex, loading
[07May2026 19:51:10.338] [resourceLoad/INFO] [net.minecraft.client.gui.font.providers.UnihexProvider/]: Found unifont_pua-17.0.01.hex, loading
[07May2026 19:51:10.436] [resourceLoad/INFO] [net.minecraft.client.gui.font.providers.UnihexProvider/]: Found unifont_jp_patch-17.0.01.hex, loading
[07May2026 19:51:11.278] [Render thread/WARN] [com.mojang.blaze3d.opengl.GlProgram/]: neoforge:pipeline/item_translucent_unlit shader program does not use sampler Sampler2 defined in the pipeline. This might be a bug.
[07May2026 19:51:11.294] [Render thread/WARN] [com.mojang.blaze3d.opengl.GlProgram/]: neoforge:pipeline/item_cutout_unlit shader program does not use sampler Sampler2 defined in the pipeline. This might be a bug.
[07May2026 19:51:11.364] [Render thread/INFO] [com.mojang.blaze3d.audio.Library/]: OpenAL initialized on device OpenAL Soft on Headphones (S58)
[07May2026 19:51:11.366] [Render thread/INFO] [net.minecraft.client.sounds.SoundEngine/SOUNDS]: Sound engine started
[07May2026 19:51:11.366] [Render thread/INFO] [net.minecraft.client.renderer.texture.TextureAtlas/]: Created: 512x256x0 minecraft:textures/atlas/particles.png-atlas
[07May2026 19:51:11.378] [Render thread/INFO] [net.minecraft.client.renderer.texture.TextureAtlas/]: Created: 128x128x0 minecraft:textures/atlas/decorated_pot.png-atlas
[07May2026 19:51:11.380] [Render thread/INFO] [net.minecraft.client.renderer.texture.TextureAtlas/]: Created: 2048x1024x0 minecraft:textures/atlas/armor_trims.png-atlas
[07May2026 19:51:11.394] [Render thread/INFO] [net.minecraft.client.renderer.texture.TextureAtlas/]: Created: 512x256x0 minecraft:textures/atlas/paintings.png-atlas
[07May2026 19:51:11.415] [Render thread/INFO] [net.minecraft.client.renderer.texture.TextureAtlas/]: Created: 1024x512x0 minecraft:textures/atlas/shield_patterns.png-atlas
[07May2026 19:51:11.416] [Render thread/INFO] [net.minecraft.client.renderer.texture.TextureAtlas/]: Created: 2048x2048x4 minecraft:textures/atlas/blocks.png-atlas
[07May2026 19:51:11.471] [Render thread/INFO] [net.minecraft.client.renderer.texture.TextureAtlas/]: Created: 512x512x0 minecraft:textures/atlas/chest.png-atlas
[07May2026 19:51:11.478] [Render thread/INFO] [net.minecraft.client.renderer.texture.TextureAtlas/]: Created: 256x128x0 minecraft:textures/atlas/celestials.png-atlas
[07May2026 19:51:11.480] [Render thread/INFO] [net.minecraft.client.renderer.texture.TextureAtlas/]: Created: 1024x512x0 minecraft:textures/atlas/banner_patterns.png-atlas
[07May2026 19:51:11.481] [Render thread/INFO] [net.minecraft.client.renderer.texture.TextureAtlas/]: Created: 512x512x0 minecraft:textures/atlas/beds.png-atlas
[07May2026 19:51:11.484] [Render thread/INFO] [net.minecraft.client.renderer.texture.TextureAtlas/]: Created: 1024x512x0 minecraft:textures/atlas/items.png-atlas
[07May2026 19:51:11.493] [Render thread/INFO] [net.minecraft.client.renderer.texture.TextureAtlas/]: Created: 1024x1024x0 minecraft:textures/atlas/gui.png-atlas
[07May2026 19:51:11.510] [Render thread/INFO] [net.minecraft.client.renderer.texture.TextureAtlas/]: Created: 128x64x0 minecraft:textures/atlas/map_decorations.png-atlas
[07May2026 19:51:11.521] [Render thread/INFO] [net.minecraft.client.renderer.texture.TextureAtlas/]: Created: 512x256x0 minecraft:textures/atlas/signs.png-atlas
[07May2026 19:51:11.522] [Render thread/INFO] [net.minecraft.client.renderer.texture.TextureAtlas/]: Created: 512x512x0 minecraft:textures/atlas/shulker_boxes.png-atlas
[07May2026 19:51:11.588] [Render thread/INFO] [net.neoforged.neoforge.client.entity.animation.json.AnimationLoader/]: Loaded 0 entity animations
[07May2026 19:51:18.103] [Render thread/WARN] [net.minecraft.server.MinecraftServer/]: Missing data pack tests
[07May2026 19:51:18.702] [Render thread/INFO] [net.minecraft.world.item.crafting.RecipeManager/]: Loaded 1522 recipes
[07May2026 19:51:18.710] [Render thread/INFO] [net.minecraft.advancements.AdvancementTree/]: Loaded 1617 advancements
[07May2026 19:51:18.711] [Render thread/INFO] [net.neoforged.neoforge.common.crafting.RecipePriorityManager/]: Loaded 0 recipe priority overrides
[07May2026 19:51:19.773] [Render thread/WARN] [net.minecraft.server.MinecraftServer/]: Missing data pack tests
[07May2026 19:51:20.204] [Render thread/INFO] [net.minecraft.world.item.crafting.RecipeManager/]: Loaded 1522 recipes
[07May2026 19:51:20.207] [Render thread/INFO] [net.minecraft.advancements.AdvancementTree/]: Loaded 1617 advancements
[07May2026 19:51:20.208] [Render thread/INFO] [net.neoforged.neoforge.common.crafting.RecipePriorityManager/]: Loaded 0 recipe priority overrides
[07May2026 19:51:21.821] [Server thread/INFO] [net.minecraft.client.server.IntegratedServer/]: Starting integrated minecraft server version 26.1.1
[07May2026 19:51:21.822] [Server thread/INFO] [net.minecraft.server.MinecraftServer/]: Generating keypair
[07May2026 19:51:21.999] [Server thread/INFO] [net.minecraft.server.level.progress.LoggingLevelLoadListener/]: Selecting global world spawn...
[07May2026 19:51:22.285] [Server thread/INFO] [net.minecraft.server.level.progress.LoggingLevelLoadListener/]: Loading 0 persistent chunks...
[07May2026 19:51:22.285] [Server thread/INFO] [net.minecraft.server.level.progress.LoggingLevelLoadListener/]: Preparing spawn area: 16%
[07May2026 19:51:22.286] [Server thread/INFO] [net.minecraft.server.MinecraftServer/]: Saving chunks for level 'ServerLevel[New World]'/minecraft:overworld
[07May2026 19:51:22.474] [Server thread/INFO] [net.minecraft.server.MinecraftServer/]: Saving chunks for level 'ServerLevel[New World]'/minecraft:the_nether
[07May2026 19:51:22.632] [Server thread/INFO] [net.minecraft.server.MinecraftServer/]: Saving chunks for level 'ServerLevel[New World]'/minecraft:the_end
[07May2026 19:51:23.486] [Server thread/INFO] [net.minecraft.server.MinecraftServer/]: ThreadedAnvilChunkStorage (world): All chunks are saved
[07May2026 19:51:23.486] [Server thread/INFO] [net.minecraft.server.MinecraftServer/]: ThreadedAnvilChunkStorage (DIM-1): All chunks are saved
[07May2026 19:51:23.486] [Server thread/INFO] [net.minecraft.server.MinecraftServer/]: ThreadedAnvilChunkStorage (DIM1): All chunks are saved
[07May2026 19:51:23.486] [Server thread/INFO] [net.minecraft.server.MinecraftServer/]: ThreadedAnvilChunkStorage: All dimensions are saved
[07May2026 19:51:23.490] [Server thread/INFO] [net.neoforged.neoforge.server.permission.PermissionAPI/]: Successfully initialized permission handler neoforge:default_handler
[07May2026 19:51:23.900] [Server thread/INFO] [net.minecraft.server.level.progress.LoggingLevelLoadListener/]: Loading 47 chunks for player spawn...
[07May2026 19:51:23.900] [Server thread/INFO] [net.minecraft.server.level.progress.LoggingLevelLoadListener/]: Preparing spawn area: 16%
[07May2026 19:51:23.940] [Server thread/INFO] [net.minecraft.server.level.progress.LoggingLevelLoadListener/]: Preparing spawn area: 16%
[07May2026 19:51:23.990] [Server thread/INFO] [net.minecraft.server.level.progress.LoggingLevelLoadListener/]: Preparing spawn area: 29%
[07May2026 19:51:24.040] [Server thread/INFO] [net.minecraft.server.level.progress.LoggingLevelLoadListener/]: Preparing spawn area: 29%
[07May2026 19:51:24.191] [Server thread/INFO] [net.minecraft.server.level.progress.LoggingLevelLoadListener/]: Time elapsed: 2192 ms
[07May2026 19:51:24.374] [Server thread/INFO] [net.minecraft.server.players.PlayerList/]: Dev[local:E:b44c14cb] logged in with entity id 1 at (5.5, 56.0, -9.5)
[07May2026 19:51:24.415] [Server thread/INFO] [net.minecraft.server.MinecraftServer/]: Dev joined the game
[07May2026 19:51:24.506] [Server thread/INFO] [net.minecraft.client.server.IntegratedServer/]: Changing view distance to 16, from 10
[07May2026 19:51:24.508] [Server thread/INFO] [net.minecraft.client.server.IntegratedServer/]: Changing simulation distance to 12, from 0
[07May2026 19:51:24.516] [Render thread/WARN] [net.minecraft.client.multiplayer.ClientPacketListener/]: Ignoring chat session from Dev due to missing Services public key
[07May2026 19:51:24.519] [Render thread/INFO] [net.minecraft.advancements.AdvancementTree/]: Loaded 2 advancements
[07May2026 19:51:24.607] [Render thread/INFO] [net.minecraft.client.renderer.DynamicUniformStorage/]: Resizing Dynamic Transforms UBO, capacity limit of 2 reached during a single frame. New capacity will be 4.
[07May2026 19:51:24.643] [Render thread/INFO] [net.minecraft.client.renderer.DynamicUniformStorage/]: Resizing Dynamic Transforms UBO, capacity limit of 4 reached during a single frame. New capacity will be 8.
[07May2026 19:51:24.715] [Render thread/INFO] [net.minecraft.client.renderer.DynamicUniformStorage/]: Resizing Chunk Sections UBO, capacity limit of 2 reached during a single frame. New capacity will be 4.
[07May2026 19:51:24.729] [Render thread/INFO] [net.minecraft.client.renderer.DynamicUniformStorage/]: Resizing Chunk Sections UBO, capacity limit of 4 reached during a single frame. New capacity will be 8.
[07May2026 19:51:24.746] [Render thread/INFO] [net.minecraft.client.renderer.DynamicUniformStorage/]: Resizing Chunk Sections UBO, capacity limit of 8 reached during a single frame. New capacity will be 16.
[07May2026 19:51:24.813] [Render thread/INFO] [net.minecraft.client.renderer.DynamicUniformStorage/]: Resizing Chunk Sections UBO, capacity limit of 16 reached during a single frame. New capacity will be 32.
[07May2026 19:51:25.215] [Render thread/INFO] [net.minecraft.client.renderer.DynamicUniformStorage/]: Resizing Chunk Sections UBO, capacity limit of 32 reached during a single frame. New capacity will be 64.
[07May2026 19:51:25.782] [Render thread/INFO] [net.minecraft.client.renderer.DynamicUniformStorage/]: Resizing Chunk Sections UBO, capacity limit of 64 reached during a single frame. New capacity will be 128.
[07May2026 19:51:26.707] [Render thread/INFO] [net.minecraft.client.renderer.DynamicUniformStorage/]: Resizing Chunk Sections UBO, capacity limit of 128 reached during a single frame. New capacity will be 256.
[07May2026 19:51:28.611] [Render thread/INFO] [net.minecraft.client.renderer.DynamicUniformStorage/]: Resizing Chunk Sections UBO, capacity limit of 256 reached during a single frame. New capacity will be 512.
[07May2026 19:51:32.112] [Render thread/INFO] [net.minecraft.client.renderer.DynamicUniformStorage/]: Resizing Dynamic Transforms UBO, capacity limit of 8 reached during a single frame. New capacity will be 16.
[07May2026 19:51:35.942] [Server thread/INFO] [net.minecraft.client.server.IntegratedServer/]: Saving and pausing game...
[07May2026 19:51:35.994] [Server thread/INFO] [net.minecraft.server.MinecraftServer/]: Saving chunks for level 'ServerLevel[New World]'/minecraft:overworld
[07May2026 19:51:36.000] [Server thread/INFO] [net.minecraft.server.MinecraftServer/]: Saving chunks for level 'ServerLevel[New World]'/minecraft:the_nether
[07May2026 19:51:36.000] [Server thread/INFO] [net.minecraft.server.MinecraftServer/]: Saving chunks for level 'ServerLevel[New World]'/minecraft:the_end
[07May2026 19:51:36.503] [Server thread/INFO] [net.minecraft.server.network.ServerGamePacketListenerImpl/]: Dev lost connection: Disconnected
[07May2026 19:51:36.503] [Server thread/INFO] [net.minecraft.server.MinecraftServer/]: Dev left the game
[07May2026 19:51:36.557] [Server thread/INFO] [net.minecraft.server.network.ServerCommonPacketListenerImpl/]: Stopping singleplayer server as player logged out
[07May2026 19:51:36.582] [Server thread/INFO] [net.minecraft.server.MinecraftServer/]: Stopping server
[07May2026 19:51:36.582] [Server thread/INFO] [net.minecraft.server.MinecraftServer/]: Saving players
[07May2026 19:51:36.582] [Server thread/INFO] [net.minecraft.server.MinecraftServer/]: Saving worlds
[07May2026 19:51:39.881] [Server thread/INFO] [net.minecraft.server.MinecraftServer/]: Saving chunks for level 'ServerLevel[New World]'/minecraft:overworld
[07May2026 19:51:40.064] [Server thread/INFO] [net.minecraft.server.MinecraftServer/]: Saving chunks for level 'ServerLevel[New World]'/minecraft:the_nether
[07May2026 19:51:40.142] [Server thread/INFO] [net.minecraft.server.MinecraftServer/]: Saving chunks for level 'ServerLevel[New World]'/minecraft:the_end
[07May2026 19:51:40.274] [Server thread/INFO] [net.minecraft.server.MinecraftServer/]: ThreadedAnvilChunkStorage (world): All chunks are saved
[07May2026 19:51:40.274] [Server thread/INFO] [net.minecraft.server.MinecraftServer/]: ThreadedAnvilChunkStorage (DIM-1): All chunks are saved
[07May2026 19:51:40.274] [Server thread/INFO] [net.minecraft.server.MinecraftServer/]: ThreadedAnvilChunkStorage (DIM1): All chunks are saved
[07May2026 19:51:40.274] [Server thread/INFO] [net.minecraft.server.MinecraftServer/]: ThreadedAnvilChunkStorage: All dimensions are saved
[07May2026 19:51:41.839] [Render thread/INFO] [net.minecraft.client.Minecraft/]: Stopping!
